Flow report for MotorControlUnit
Mon Dec 01 21:14:24 2014
Quartus II 64-Bit Version 14.0.2 Build 209 09/17/2014 SJ Web Edition


---------------------
; Table of Contents ;
---------------------
  1. Legal Notice
  2. Flow Summary
  3. Flow Settings
  4. Flow Non-Default Global Settings
  5. Flow Elapsed Time
  6. Flow OS Summary
  7. Flow Log
  8. Flow Messages
  9. Flow Suppressed Messages



----------------
; Legal Notice ;
----------------
Copyright (C) 1991-2014 Altera Corporation. All rights reserved.
Your use of Altera Corporation's design tools, logic functions 
and other software and tools, and its AMPP partner logic 
functions, and any output files from any of the foregoing 
(including device programming or simulation files), and any 
associated documentation or information are expressly subject 
to the terms and conditions of the Altera Program License 
Subscription Agreement, the Altera Quartus II License Agreement,
the Altera MegaCore Function License Agreement, or other 
applicable license agreement, including, without limitation, 
that your use is for the sole purpose of programming logic 
devices manufactured by Altera and sold by Altera or its 
authorized distributors.  Please refer to the applicable 
agreement for further details.



+------------------------------------------------------------------------------+
; Flow Summary                                                                 ;
+---------------------------------+--------------------------------------------+
; Flow Status                     ; Successful - Mon Dec 01 21:14:24 2014      ;
; Quartus II 64-Bit Version       ; 14.0.2 Build 209 09/17/2014 SJ Web Edition ;
; Revision Name                   ; MotorControlUnit                           ;
; Top-level Entity Name           ; signal_generator                           ;
; Family                          ; Cyclone V                                  ;
; Device                          ; 5CGXFC5C6F27C7                             ;
; Timing Models                   ; Final                                      ;
; Logic utilization (in ALMs)     ; N/A                                        ;
; Total registers                 ; 52                                         ;
; Total pins                      ; 51                                         ;
; Total virtual pins              ; 0                                          ;
; Total block memory bits         ; 0                                          ;
; Total DSP Blocks                ; 0                                          ;
; Total HSSI RX PCSs              ; 0                                          ;
; Total HSSI PMA RX Deserializers ; 0                                          ;
; Total HSSI TX PCSs              ; 0                                          ;
; Total HSSI PMA TX Serializers   ; 0                                          ;
; Total PLLs                      ; 0                                          ;
; Total DLLs                      ; 0                                          ;
+---------------------------------+--------------------------------------------+


+-----------------------------------------+
; Flow Settings                           ;
+-------------------+---------------------+
; Option            ; Setting             ;
+-------------------+---------------------+
; Start date & time ; 12/01/2014 21:14:19 ;
; Main task         ; Compilation         ;
; Revision Name     ; MotorControlUnit    ;
+-------------------+---------------------+


+------------------------------------------------------------------------------------------------------------------------------+
; Flow Non-Default Global Settings                                                                                             ;
+-------------------------------------+---------------------------------+------------------+------------------+----------------+
; Assignment Name                     ; Value                           ; Default Value    ; Entity Name      ; Section Id     ;
+-------------------------------------+---------------------------------+------------------+------------------+----------------+
; COMPILER_SIGNATURE_ID               ; 110749638807297.141746485900608 ; --               ; --               ; --             ;
; EDA_OUTPUT_DATA_FORMAT              ; Vhdl                            ; --               ; --               ; eda_simulation ;
; EDA_SIMULATION_TOOL                 ; ModelSim-Altera (VHDL)          ; <None>           ; --               ; --             ;
; MAX_CORE_JUNCTION_TEMP              ; 85                              ; --               ; --               ; --             ;
; MIN_CORE_JUNCTION_TEMP              ; 0                               ; --               ; --               ; --             ;
; PARTITION_COLOR                     ; 16764057                        ; --               ; signal_generator ; Top            ;
; PARTITION_FITTER_PRESERVATION_LEVEL ; PLACEMENT_AND_ROUTING           ; --               ; signal_generator ; Top            ;
; PARTITION_NETLIST_TYPE              ; SOURCE                          ; --               ; signal_generator ; Top            ;
; PROJECT_OUTPUT_DIRECTORY            ; output_files                    ; --               ; --               ; --             ;
; TOP_LEVEL_ENTITY                    ; signal_generator                ; MotorControlUnit ; --               ; --             ;
+-------------------------------------+---------------------------------+------------------+------------------+----------------+


+--------------------------------------------------------------------------------------------------------------------------+
; Flow Elapsed Time                                                                                                        ;
+----------------------+--------------+-------------------------+---------------------+------------------------------------+
; Module Name          ; Elapsed Time ; Average Processors Used ; Peak Virtual Memory ; Total CPU Time (on all processors) ;
+----------------------+--------------+-------------------------+---------------------+------------------------------------+
; Analysis & Synthesis ; 00:00:06     ; 1.0                     ; 625 MB              ; 00:00:06                           ;
; Total                ; 00:00:06     ; --                      ; --                  ; 00:00:06                           ;
+----------------------+--------------+-------------------------+---------------------+------------------------------------+


+-----------------------------------------------------------------------------------+
; Flow OS Summary                                                                   ;
+----------------------+------------------+-----------+------------+----------------+
; Module Name          ; Machine Hostname ; OS Name   ; OS Version ; Processor type ;
+----------------------+------------------+-----------+------------+----------------+
; Analysis & Synthesis ; WIN-E9N7V1GT378  ; Windows 7 ; 6.2        ; x86_64         ;
+----------------------+------------------+-----------+------------+----------------+


------------
; Flow Log ;
------------
quartus_map --read_settings_files=on --write_settings_files=off MotorControlUnit -c MotorControlUnit



