Flow report for MotorControlUnit
Thu Dec 04 20:22:33 2014
Quartus II 64-Bit Version 14.0.2 Build 209 09/17/2014 SJ Web Edition


---------------------
; Table of Contents ;
---------------------
  1. Legal Notice
  2. Flow Summary
  3. Flow Settings
  4. Flow Non-Default Global Settings
  5. Flow Elapsed Time
  6. Flow OS Summary
  7. Flow Log
  8. Flow Messages
  9. Flow Suppressed Messages



----------------
; Legal Notice ;
----------------
Copyright (C) 1991-2014 Altera Corporation. All rights reserved.
Your use of Altera Corporation's design tools, logic functions 
and other software and tools, and its AMPP partner logic 
functions, and any output files from any of the foregoing 
(including device programming or simulation files), and any 
associated documentation or information are expressly subject 
to the terms and conditions of the Altera Program License 
Subscription Agreement, the Altera Quartus II License Agreement,
the Altera MegaCore Function License Agreement, or other 
applicable license agreement, including, without limitation, 
that your use is for the sole purpose of programming logic 
devices manufactured by Altera and sold by Altera or its 
authorized distributors.  Please refer to the applicable 
agreement for further details.



+------------------------------------------------------------------------------+
; Flow Summary                                                                 ;
+---------------------------------+--------------------------------------------+
; Flow Status                     ; Successful - Thu Dec 04 20:22:33 2014      ;
; Quartus II 64-Bit Version       ; 14.0.2 Build 209 09/17/2014 SJ Web Edition ;
; Revision Name                   ; MotorControlUnit                           ;
; Top-level Entity Name           ; milestone3                                 ;
; Family                          ; Cyclone V                                  ;
; Device                          ; 5CGXFC5C6F27C7                             ;
; Timing Models                   ; Final                                      ;
; Logic utilization (in ALMs)     ; 127 / 29,080 ( < 1 % )                     ;
; Total registers                 ; 121                                        ;
; Total pins                      ; 100 / 364 ( 27 % )                         ;
; Total virtual pins              ; 0                                          ;
; Total block memory bits         ; 0 / 4,567,040 ( 0 % )                      ;
; Total DSP Blocks                ; 0 / 150 ( 0 % )                            ;
; Total HSSI RX PCSs              ; 0 / 6 ( 0 % )                              ;
; Total HSSI PMA RX Deserializers ; 0 / 6 ( 0 % )                              ;
; Total HSSI TX PCSs              ; 0 / 6 ( 0 % )                              ;
; Total HSSI PMA TX Serializers   ; 0 / 6 ( 0 % )                              ;
; Total PLLs                      ; 0 / 12 ( 0 % )                             ;
; Total DLLs                      ; 0 / 4 ( 0 % )                              ;
+---------------------------------+--------------------------------------------+


+-----------------------------------------+
; Flow Settings                           ;
+-------------------+---------------------+
; Option            ; Setting             ;
+-------------------+---------------------+
; Start date & time ; 12/04/2014 20:20:25 ;
; Main task         ; Compilation         ;
; Revision Name     ; MotorControlUnit    ;
+-------------------+---------------------+


+-------------------------------------------------------------------------------------------------------------------------------+
; Flow Non-Default Global Settings                                                                                              ;
+-------------------------------------+---------------------------------------+------------------+-------------+----------------+
; Assignment Name                     ; Value                                 ; Default Value    ; Entity Name ; Section Id     ;
+-------------------------------------+---------------------------------------+------------------+-------------+----------------+
; COMPILER_SIGNATURE_ID               ; 110749638807297.141772082403996       ; --               ; --          ; --             ;
; EDA_OUTPUT_DATA_FORMAT              ; Vhdl                                  ; --               ; --          ; eda_simulation ;
; EDA_SIMULATION_TOOL                 ; ModelSim-Altera (VHDL)                ; <None>           ; --          ; --             ;
; MAX_CORE_JUNCTION_TEMP              ; 85                                    ; --               ; --          ; --             ;
; MIN_CORE_JUNCTION_TEMP              ; 0                                     ; --               ; --          ; --             ;
; PARTITION_COLOR                     ; 16764057                              ; --               ; milestone3  ; Top            ;
; PARTITION_FITTER_PRESERVATION_LEVEL ; PLACEMENT_AND_ROUTING                 ; --               ; milestone3  ; Top            ;
; PARTITION_NETLIST_TYPE              ; SOURCE                                ; --               ; milestone3  ; Top            ;
; POWER_BOARD_THERMAL_MODEL           ; None (CONSERVATIVE)                   ; --               ; --          ; --             ;
; POWER_PRESET_COOLING_SOLUTION       ; 23 MM HEAT SINK WITH 200 LFPM AIRFLOW ; --               ; --          ; --             ;
; PROJECT_OUTPUT_DIRECTORY            ; output_files                          ; --               ; --          ; --             ;
; TOP_LEVEL_ENTITY                    ; milestone3                            ; MotorControlUnit ; --          ; --             ;
+-------------------------------------+---------------------------------------+------------------+-------------+----------------+


+-------------------------------------------------------------------------------------------------------------------------------+
; Flow Elapsed Time                                                                                                             ;
+---------------------------+--------------+-------------------------+---------------------+------------------------------------+
; Module Name               ; Elapsed Time ; Average Processors Used ; Peak Virtual Memory ; Total CPU Time (on all processors) ;
+---------------------------+--------------+-------------------------+---------------------+------------------------------------+
; Analysis & Synthesis      ; 00:00:05     ; 1.0                     ; 646 MB              ; 00:00:06                           ;
; Fitter                    ; 00:01:09     ; 1.0                     ; 1430 MB             ; 00:01:04                           ;
; Assembler                 ; 00:00:14     ; 1.0                     ; 672 MB              ; 00:00:14                           ;
; TimeQuest Timing Analyzer ; 00:00:21     ; 1.0                     ; 902 MB              ; 00:00:20                           ;
; EDA Netlist Writer        ; 00:00:03     ; 1.0                     ; 550 MB              ; 00:00:03                           ;
; Total                     ; 00:01:52     ; --                      ; --                  ; 00:01:47                           ;
+---------------------------+--------------+-------------------------+---------------------+------------------------------------+


+----------------------------------------------------------------------------------------+
; Flow OS Summary                                                                        ;
+---------------------------+------------------+-----------+------------+----------------+
; Module Name               ; Machine Hostname ; OS Name   ; OS Version ; Processor type ;
+---------------------------+------------------+-----------+------------+----------------+
; Analysis & Synthesis      ; WIN-E9N7V1GT378  ; Windows 7 ; 6.2        ; x86_64         ;
; Fitter                    ; WIN-E9N7V1GT378  ; Windows 7 ; 6.2        ; x86_64         ;
; Assembler                 ; WIN-E9N7V1GT378  ; Windows 7 ; 6.2        ; x86_64         ;
; TimeQuest Timing Analyzer ; WIN-E9N7V1GT378  ; Windows 7 ; 6.2        ; x86_64         ;
; EDA Netlist Writer        ; WIN-E9N7V1GT378  ; Windows 7 ; 6.2        ; x86_64         ;
+---------------------------+------------------+-----------+------------+----------------+


------------
; Flow Log ;
------------
quartus_map --read_settings_files=on --write_settings_files=off MotorControlUnit -c MotorControlUnit
quartus_fit --read_settings_files=off --write_settings_files=off MotorControlUnit -c MotorControlUnit
quartus_asm --read_settings_files=off --write_settings_files=off MotorControlUnit -c MotorControlUnit
quartus_sta MotorControlUnit -c MotorControlUnit
quartus_eda --read_settings_files=off --write_settings_files=off MotorControlUnit -c MotorControlUnit



