------------------------------------------------------------
TimeQuest Timing Analyzer Summary
------------------------------------------------------------

Type  : Slow 1100mV 85C Model Setup 'clock'
Slack : 13.672
TNS   : 0.000

Type  : Slow 1100mV 85C Model Hold 'clock'
Slack : 0.443
TNS   : 0.000

Type  : Slow 1100mV 85C Model Minimum Pulse Width 'clock'
Slack : 9.242
TNS   : 0.000

Type  : Slow 1100mV 0C Model Setup 'clock'
Slack : 13.554
TNS   : 0.000

Type  : Slow 1100mV 0C Model Hold 'clock'
Slack : 0.467
TNS   : 0.000

Type  : Slow 1100mV 0C Model Minimum Pulse Width 'clock'
Slack : 9.337
TNS   : 0.000

Type  : Fast 1100mV 85C Model Setup 'clock'
Slack : 16.899
TNS   : 0.000

Type  : Fast 1100mV 85C Model Hold 'clock'
Slack : 0.179
TNS   : 0.000

Type  : Fast 1100mV 85C Model Minimum Pulse Width 'clock'
Slack : 9.123
TNS   : 0.000

Type  : Fast 1100mV 0C Model Setup 'clock'
Slack : 17.147
TNS   : 0.000

Type  : Fast 1100mV 0C Model Hold 'clock'
Slack : 0.170
TNS   : 0.000

Type  : Fast 1100mV 0C Model Minimum Pulse Width 'clock'
Slack : 9.084
TNS   : 0.000

------------------------------------------------------------
