Archive member included because of file (symbol)

c:/altera/14.0/nios2eds/bin/gnu/h-x86_64-mingw32/bin/../lib/gcc/nios2-elf/4.7.3/../../../../../H-x86_64-mingw32/nios2-elf/lib/mno-hw-mul\libc.a(lib_a-printf.o)
                              obj/default/main.o (printf)
c:/altera/14.0/nios2eds/bin/gnu/h-x86_64-mingw32/bin/../lib/gcc/nios2-elf/4.7.3/../../../../../H-x86_64-mingw32/nios2-elf/lib/mno-hw-mul\libc.a(lib_a-puts.o)
                              obj/default/main.o (puts)
c:/altera/14.0/nios2eds/bin/gnu/h-x86_64-mingw32/bin/../lib/gcc/nios2-elf/4.7.3/../../../../../H-x86_64-mingw32/nios2-elf/lib/mno-hw-mul\libc.a(lib_a-strlen.o)
                              c:/altera/14.0/nios2eds/bin/gnu/h-x86_64-mingw32/bin/../lib/gcc/nios2-elf/4.7.3/../../../../../H-x86_64-mingw32/nios2-elf/lib/mno-hw-mul\libc.a(lib_a-puts.o) (strlen)
c:/altera/14.0/nios2eds/bin/gnu/h-x86_64-mingw32/bin/../lib/gcc/nios2-elf/4.7.3/../../../../../H-x86_64-mingw32/nios2-elf/lib/mno-hw-mul\libc.a(lib_a-vfprintf.o)
                              c:/altera/14.0/nios2eds/bin/gnu/h-x86_64-mingw32/bin/../lib/gcc/nios2-elf/4.7.3/../../../../../H-x86_64-mingw32/nios2-elf/lib/mno-hw-mul\libc.a(lib_a-printf.o) (___vfprintf_internal_r)
c:/altera/14.0/nios2eds/bin/gnu/h-x86_64-mingw32/bin/../lib/gcc/nios2-elf/4.7.3/../../../../../H-x86_64-mingw32/nios2-elf/lib/mno-hw-mul\libc.a(lib_a-wsetup.o)
                              c:/altera/14.0/nios2eds/bin/gnu/h-x86_64-mingw32/bin/../lib/gcc/nios2-elf/4.7.3/../../../../../H-x86_64-mingw32/nios2-elf/lib/mno-hw-mul\libc.a(lib_a-vfprintf.o) (__swsetup_r)
c:/altera/14.0/nios2eds/bin/gnu/h-x86_64-mingw32/bin/../lib/gcc/nios2-elf/4.7.3/../../../../../H-x86_64-mingw32/nios2-elf/lib/mno-hw-mul\libc.a(lib_a-dtoa.o)
                              c:/altera/14.0/nios2eds/bin/gnu/h-x86_64-mingw32/bin/../lib/gcc/nios2-elf/4.7.3/../../../../../H-x86_64-mingw32/nios2-elf/lib/mno-hw-mul\libc.a(lib_a-vfprintf.o) (_dtoa_r)
c:/altera/14.0/nios2eds/bin/gnu/h-x86_64-mingw32/bin/../lib/gcc/nios2-elf/4.7.3/../../../../../H-x86_64-mingw32/nios2-elf/lib/mno-hw-mul\libc.a(lib_a-fflush.o)
                              c:/altera/14.0/nios2eds/bin/gnu/h-x86_64-mingw32/bin/../lib/gcc/nios2-elf/4.7.3/../../../../../H-x86_64-mingw32/nios2-elf/lib/mno-hw-mul\libc.a(lib_a-vfprintf.o) (_fflush_r)
c:/altera/14.0/nios2eds/bin/gnu/h-x86_64-mingw32/bin/../lib/gcc/nios2-elf/4.7.3/../../../../../H-x86_64-mingw32/nios2-elf/lib/mno-hw-mul\libc.a(lib_a-findfp.o)
                              c:/altera/14.0/nios2eds/bin/gnu/h-x86_64-mingw32/bin/../lib/gcc/nios2-elf/4.7.3/../../../../../H-x86_64-mingw32/nios2-elf/lib/mno-hw-mul\libc.a(lib_a-vfprintf.o) (__sinit)
c:/altera/14.0/nios2eds/bin/gnu/h-x86_64-mingw32/bin/../lib/gcc/nios2-elf/4.7.3/../../../../../H-x86_64-mingw32/nios2-elf/lib/mno-hw-mul\libc.a(lib_a-freer.o)
                              c:/altera/14.0/nios2eds/bin/gnu/h-x86_64-mingw32/bin/../lib/gcc/nios2-elf/4.7.3/../../../../../H-x86_64-mingw32/nios2-elf/lib/mno-hw-mul\libc.a(lib_a-wsetup.o) (_free_r)
c:/altera/14.0/nios2eds/bin/gnu/h-x86_64-mingw32/bin/../lib/gcc/nios2-elf/4.7.3/../../../../../H-x86_64-mingw32/nios2-elf/lib/mno-hw-mul\libc.a(lib_a-fvwrite.o)
                              c:/altera/14.0/nios2eds/bin/gnu/h-x86_64-mingw32/bin/../lib/gcc/nios2-elf/4.7.3/../../../../../H-x86_64-mingw32/nios2-elf/lib/mno-hw-mul\libc.a(lib_a-puts.o) (__sfvwrite_r)
c:/altera/14.0/nios2eds/bin/gnu/h-x86_64-mingw32/bin/../lib/gcc/nios2-elf/4.7.3/../../../../../H-x86_64-mingw32/nios2-elf/lib/mno-hw-mul\libc.a(lib_a-fwalk.o)
                              c:/altera/14.0/nios2eds/bin/gnu/h-x86_64-mingw32/bin/../lib/gcc/nios2-elf/4.7.3/../../../../../H-x86_64-mingw32/nios2-elf/lib/mno-hw-mul\libc.a(lib_a-findfp.o) (_fwalk)
c:/altera/14.0/nios2eds/bin/gnu/h-x86_64-mingw32/bin/../lib/gcc/nios2-elf/4.7.3/../../../../../H-x86_64-mingw32/nios2-elf/lib/mno-hw-mul\libc.a(lib_a-impure.o)
                              c:/altera/14.0/nios2eds/bin/gnu/h-x86_64-mingw32/bin/../lib/gcc/nios2-elf/4.7.3/../../../../../H-x86_64-mingw32/nios2-elf/lib/mno-hw-mul\libc.a(lib_a-fflush.o) (_global_impure_ptr)
c:/altera/14.0/nios2eds/bin/gnu/h-x86_64-mingw32/bin/../lib/gcc/nios2-elf/4.7.3/../../../../../H-x86_64-mingw32/nios2-elf/lib/mno-hw-mul\libc.a(lib_a-locale.o)
                              c:/altera/14.0/nios2eds/bin/gnu/h-x86_64-mingw32/bin/../lib/gcc/nios2-elf/4.7.3/../../../../../H-x86_64-mingw32/nios2-elf/lib/mno-hw-mul\libc.a(lib_a-vfprintf.o) (_localeconv_r)
c:/altera/14.0/nios2eds/bin/gnu/h-x86_64-mingw32/bin/../lib/gcc/nios2-elf/4.7.3/../../../../../H-x86_64-mingw32/nios2-elf/lib/mno-hw-mul\libc.a(lib_a-makebuf.o)
                              c:/altera/14.0/nios2eds/bin/gnu/h-x86_64-mingw32/bin/../lib/gcc/nios2-elf/4.7.3/../../../../../H-x86_64-mingw32/nios2-elf/lib/mno-hw-mul\libc.a(lib_a-wsetup.o) (__smakebuf_r)
[...]
Memory Configuration

Name             Origin             Length             Attributes
reset            0x0000000000080000 0x0000000000000020
SRAM_CVGX        0x0000000000080020 0x000000000007ffe0
*default*        0x0000000000000000 0xffffffffffffffff

Linker script and memory map

LOAD ../ControlUnit_bsp//obj/HAL/src/crt0.o
LOAD obj/default/main.o
LOAD obj/default/switchesIRQhandler.o
LOAD c:/altera/14.0/nios2eds/bin/gnu/h-x86_64-mingw32/bin/../lib/gcc/nios2-elf/4.7.3/../../../../../H-x86_64-mingw32/nios2-elf/lib/mno-hw-mul\libstdc++.a
LOAD c:/altera/14.0/nios2eds/bin/gnu/h-x86_64-mingw32/bin/../lib/gcc/nios2-elf/4.7.3/../../../../../H-x86_64-mingw32/nios2-elf/lib/mno-hw-mul\libm.a
LOAD c:/altera/14.0/nios2eds/bin/gnu/h-x86_64-mingw32/bin/../lib/gcc/nios2-elf/4.7.3/mno-hw-mul\libgcc.a
START GROUP
LOAD c:/altera/14.0/nios2eds/bin/gnu/h-x86_64-mingw32/bin/../lib/gcc/nios2-elf/4.7.3/../../../../../H-x86_64-mingw32/nios2-elf/lib/mno-hw-mul\libc.a
LOAD c:/altera/14.0/nios2eds/bin/gnu/h-x86_64-mingw32/bin/../lib/gcc/nios2-elf/4.7.3/mno-hw-mul\libgcc.a
LOAD ../ControlUnit_bsp/\libucosii_bsp.a
END GROUP
LOAD c:/altera/14.0/nios2eds/bin/gnu/h-x86_64-mingw32/bin/../lib/gcc/nios2-elf/4.7.3/mno-hw-mul\libgcc.a
                0x0000000000080000                __alt_mem_SRAM_CVGX = 0x80000

.entry          0x0000000000080000       0x20
 *(.entry)
 .entry         0x0000000000080000       0x20 ../ControlUnit_bsp//obj/HAL/src/crt0.o
                0x0000000000080000                __reset

.exceptions     0x0000000000080020      0x19c
                0x0000000000080020                PROVIDE (__ram_exceptions_start, ABSOLUTE (.))
                0x0000000000080020                . = ALIGN (0x20)
 *(.irq)
 *(.exceptions.entry.label)
 .exceptions.entry.label
                0x0000000000080020        0x0 ../ControlUnit_bsp/\libucosii_bsp.a(alt_irq_entry.o)
                0x0000000000080020                alt_irq_entry
 .exceptions.entry.label
                0x0000000000080020        0x0 ../ControlUnit_bsp/\libucosii_bsp.a(alt_exception_entry.o)
                0x0000000000080020                alt_exception
 *(.exceptions.entry.user)
 *(.exceptions.entry.ecc_fatal)
 *(.exceptions.entry)
 .exceptions.entry
                0x0000000000080020       0x54 ../ControlUnit_bsp/\libucosii_bsp.a(alt_exception_entry.o)
 *(.exceptions.irqtest.user)
 *(.exceptions.irqtest)
 .exceptions.irqtest
                0x0000000000080074       0x10 ../ControlUnit_bsp/\libucosii_bsp.a(alt_irq_entry.o)
 *(.exceptions.irqhandler.user)
 *(.exceptions.irqhandler)
 .exceptions.irqhandler
                0x0000000000080084        0x4 ../ControlUnit_bsp/\libucosii_bsp.a(alt_irq_entry.o)
 *(.exceptions.irqreturn.user)
 *(.exceptions.irqreturn)
 .exceptions.irqreturn
                0x0000000000080088        0x4 ../ControlUnit_bsp/\libucosii_bsp.a(alt_irq_entry.o)
 *(.exceptions.notirq.label)
 .exceptions.notirq.label
                0x000000000008008c        0x0 ../ControlUnit_bsp/\libucosii_bsp.a(alt_irq_entry.o)
 *(.exceptions.notirq.user)
 *(.exceptions.notirq)
 .exceptions.notirq
                0x000000000008008c        0x8 ../ControlUnit_bsp/\libucosii_bsp.a(alt_exception_entry.o)
 *(.exceptions.soft.user)
 *(.exceptions.soft)
 *(.exceptions.unknown.user)
 *(.exceptions.unknown)
 .exceptions.unknown
                0x0000000000080094        0x4 ../ControlUnit_bsp/\libucosii_bsp.a(alt_exception_entry.o)
 *(.exceptions.exit.label)
 .exceptions.exit.label
                0x0000000000080098        0x0 ../ControlUnit_bsp/\libucosii_bsp.a(alt_irq_entry.o)
 .exceptions.exit.label
                0x0000000000080098        0x0 ../ControlUnit_bsp/\libucosii_bsp.a(alt_exception_entry.o)
 *(.exceptions.exit.user)
 *(.exceptions.exit)
 .exceptions.exit
                0x0000000000080098       0x54 ../ControlUnit_bsp/\libucosii_bsp.a(alt_exception_entry.o)
 *(.exceptions)
 .exceptions    0x00000000000800ec       0xd0 ../ControlUnit_bsp/\libucosii_bsp.a(alt_irq_handler.o)
                0x00000000000800ec                alt_irq_handler
                0x00000000000801bc                PROVIDE (__ram_exceptions_end, ABSOLUTE (.))
                0x0000000000080020                PROVIDE (__flash_exceptions_start, LOADADDR (.exceptions))

.text           0x00000000000801bc    0x14a84
                0x00000000000801bc                PROVIDE (stext, ABSOLUTE (.))
 *(.interp)
 *(.hash)
 *(.dynsym)
 *(.dynstr)
 *(.gnu.version)
 *(.gnu.version_d)
 *(.gnu.version_r)
 *(.rel.init)
 *(.rela.init)
 *(.rel.text .rel.text.* .rel.gnu.linkonce.t.*)
 *(.rela.text .rela.text.* .rela.gnu.linkonce.t.*)
 *(.rel.fini)
 *(.rela.fini)
 *(.rel.rodata .rel.rodata.* .rel.gnu.linkonce.r.*)
 *(.rela.rodata .rela.rodata.* .rela.gnu.linkonce.r.*)
 *(.rel.data .rel.data.* .rel.gnu.linkonce.d.*)
 *(.rela.data .rela.data.* .rela.gnu.linkonce.d.*)
 *(.rel.tdata .rel.tdata.* .rel.gnu.linkonce.td.*)
 *(.rela.tdata .rela.tdata.* .rela.gnu.linkonce.td.*)
 *(.rel.tbss .rel.tbss.* .rel.gnu.linkonce.tb.*)
 *(.rela.tbss .rela.tbss.* .rela.gnu.linkonce.tb.*)
 *(.rel.ctors)
 *(.rela.ctors)
 *(.rel.dtors)
 *(.rela.dtors)
 *(.rel.got)
 *(.rela.got)
 *(.rel.sdata .rel.sdata.* .rel.gnu.linkonce.s.*)
 *(.rela.sdata .rela.sdata.* .rela.gnu.linkonce.s.*)
 *(.rel.sbss .rel.sbss.* .rel.gnu.linkonce.sb.*)
 *(.rela.sbss .rela.sbss.* .rela.gnu.linkonce.sb.*)
 *(.rel.sdata2 .rel.sdata2.* .rel.gnu.linkonce.s2.*)
 *(.rela.sdata2 .rela.sdata2.* .rela.gnu.linkonce.s2.*)
 *(.rel.sbss2 .rel.sbss2.* .rel.gnu.linkonce.sb2.*)
 *(.rela.sbss2 .rela.sbss2.* .rela.gnu.linkonce.sb2.*)
 *(.rel.bss .rel.bss.* .rel.gnu.linkonce.b.*)
 *(.rela.bss .rela.bss.* .rela.gnu.linkonce.b.*)
 *(.rel.plt)
 *(.rela.plt)
 *(.rel.dyn)
 *(.init)
 *(.plt)
 *(.text .stub .text.* .gnu.linkonce.t.*)
 .text          0x00000000000801bc       0x3c ../ControlUnit_bsp//obj/HAL/src/crt0.o
                0x00000000000801bc                _start
 .text          0x00000000000801f8      0x290 obj/default/main.o
                0x0000000000080274                RedLedSWtask
                0x00000000000802ac                GreenLedIRQtask
                0x00000000000803cc                main
 .text          0x0000000000080488       0xd0 obj/default/switchesIRQhandler.o
                0x00000000000804d8                switchesIRQhandler
 .text          0x0000000000080558       0x68 c:/altera/14.0/nios2eds/bin/gnu/h-x86_64-mingw32/bin/../lib/gcc/nios2-elf/4.7.3/../../../../../H-x86_64-mingw32/nios2-elf/lib/mno-hw-mul\libc.a(lib_a-printf.o)
                0x0000000000080558                _printf_r
                0x0000000000080584                printf
 .text          0x00000000000805c0       0x98 c:/altera/14.0/nios2eds/bin/gnu/h-x86_64-mingw32/bin/../lib/gcc/nios2-elf/4.7.3/../../../../../H-x86_64-mingw32/nios2-elf/lib/mno-hw-mul\libc.a(lib_a-puts.o)
                0x00000000000805c0                _puts_r
                0x0000000000080644                puts
 .text          0x0000000000080658       0x8c c:/altera/14.0/nios2eds/bin/gnu/h-x86_64-mingw32/bin/../lib/gcc/nios2-elf/4.7.3/../../../../../H-x86_64-mingw32/nios2-elf/lib/mno-hw-mul\libc.a(lib_a-strlen.o)
                0x0000000000080658                strlen
 .text          0x00000000000806e4     0x1ed4 c:/altera/14.0/nios2eds/bin/gnu/h-x86_64-mingw32/bin/../lib/gcc/nios2-elf/4.7.3/../../../../../H-x86_64-mingw32/nios2-elf/lib/mno-hw-mul\libc.a(lib_a-vfprintf.o)
                0x0000000000080718                ___vfprintf_internal_r
                0x0000000000082594                __vfprintf_internal
 .text          0x00000000000825b8      0x174 c:/altera/14.0/nios2eds/bin/gnu/h-x86_64-mingw32/bin/../lib/gcc/nios2-elf/4.7.3/../../../../../H-x86_64-mingw32/nios2-elf/lib/mno-hw-mul\libc.a(lib_a-wsetup.o)
                0x00000000000825b8                __swsetup_r
 .text          0x000000000008272c     0x1858 c:/altera/14.0/nios2eds/bin/gnu/h-x86_64-mingw32/bin/../lib/gcc/nios2-elf/4.7.3/../../../../../H-x86_64-mingw32/nios2-elf/lib/mno-hw-mul\libc.a(lib_a-dtoa.o)
                0x0000000000082968                _dtoa_r
 .text          0x0000000000083f84      0x218 c:/altera/14.0/nios2eds/bin/gnu/h-x86_64-mingw32/bin/../lib/gcc/nios2-elf/4.7.3/../../../../../H-x86_64-mingw32/nios2-elf/lib/mno-hw-mul\libc.a(lib_a-fflush.o)
                0x0000000000083f84                _fflush_r
                0x000000000008416c                fflush
 .text          0x000000000008419c      0x2ec c:/altera/14.0/nios2eds/bin/gnu/h-x86_64-mingw32/bin/../lib/gcc/nios2-elf/4.7.3/../../../../../H-x86_64-mingw32/nios2-elf/lib/mno-hw-mul\libc.a(lib_a-findfp.o)
                0x00000000000841ac                _cleanup_r
                0x00000000000841b8                __sfmoreglue
                0x0000000000084230                _cleanup
                0x0000000000084240                __sinit
                0x000000000008434c                __sfp
                0x0000000000084448                __sfp_lock_acquire
                0x000000000008444c                __sfp_lock_release
                0x0000000000084450                __sinit_lock_acquire
                0x0000000000084454                __sinit_lock_release
                0x0000000000084458                __fp_lock_all
                0x0000000000084470                __fp_unlock_all
 .text          0x0000000000084488      0x40c c:/altera/14.0/nios2eds/bin/gnu/h-x86_64-mingw32/bin/../lib/gcc/nios2-elf/4.7.3/../../../../../H-x86_64-mingw32/nios2-elf/lib/mno-hw-mul\libc.a(lib_a-freer.o)
                0x0000000000084488                _malloc_trim_r
                0x00000000000845c4                _free_r
 .text          0x0000000000084894      0x4e4 c:/altera/14.0/nios2eds/bin/gnu/h-x86_64-mingw32/bin/../lib/gcc/nios2-elf/4.7.3/../../../../../H-x86_64-mingw32/nios2-elf/lib/mno-hw-mul\libc.a(lib_a-fvwrite.o)
                0x0000000000084894                __sfvwrite_r
 .text          0x0000000000084d78      0x160 c:/altera/14.0/nios2eds/bin/gnu/h-x86_64-mingw32/bin/../lib/gcc/nios2-elf/4.7.3/../../../../../H-x86_64-mingw32/nios2-elf/lib/mno-hw-mul\libc.a(lib_a-fwalk.o)
                0x0000000000084d78                _fwalk
                0x0000000000084e20                _fwalk_reent
 .text          0x0000000000084ed8        0x0 c:/altera/14.0/nios2eds/bin/gnu/h-x86_64-mingw32/bin/../lib/gcc/nios2-elf/4.7.3/../../../../../H-x86_64-mingw32/nios2-elf/lib/mno-hw-mul\libc.a(lib_a-impure.o)
 .text          0x0000000000084ed8       0xdc c:/altera/14.0/nios2eds/bin/gnu/h-x86_64-mingw32/bin/../lib/gcc/nios2-elf/4.7.3/../../../../../H-x86_64-mingw32/nios2-elf/lib/mno-hw-mul\libc.a(lib_a-locale.o)
                0x0000000000084ed8                _setlocale_r
                0x0000000000084f74                __locale_charset
                0x0000000000084f80                _localeconv_r
                0x0000000000084f8c                setlocale
                0x0000000000084fa8                localeconv
 .text          0x0000000000084fb4      0x1a8 c:/altera/14.0/nios2eds/bin/gnu/h-x86_64-mingw32/bin/../lib/gcc/nios2-elf/4.7.3/../../../../../H-x86_64-mingw32/nios2-elf/lib/mno-hw-mul\libc.a(lib_a-makebuf.o)
                0x0000000000084fb4                __smakebuf_r
 .text          0x000000000008515c      0x784 c:/altera/14.0/nios2eds/bin/gnu/h-x86_64-mingw32/bin/../lib/gcc/nios2-elf/4.7.3/../../../../../H-x86_64-mingw32/nios2-elf/lib/mno-hw-mul\libc.a(lib_a-mallocr.o)
                0x000000000008515c                _malloc_r
 .text          0x00000000000858e0       0xf8 c:/altera/14.0/nios2eds/bin/gnu/h-x86_64-mingw32/bin/../lib/gcc/nios2-elf/4.7.3/../../../../../H-x86_64-mingw32/nios2-elf/lib/mno-hw-mul\libc.a(lib_a-memchr.o)
                0x00000000000858e0                memchr
 .text          0x00000000000859d8      0x140 c:/altera/14.0/nios2eds/bin/gnu/h-x86_64-mingw32/bin/../lib/gcc/nios2-elf/4.7.3/../../../../../H-x86_64-mingw32/nios2-elf/lib/mno-hw-mul\libc.a(lib_a-memcpy.o)
                0x00000000000859d8                memcpy
 .text          0x0000000000085b18      0x18c c:/altera/14.0/nios2eds/bin/gnu/h-x86_64-mingw32/bin/../lib/gcc/nios2-elf/4.7.3/../../../../../H-x86_64-mingw32/nios2-elf/lib/mno-hw-mul\libc.a(lib_a-memmove.o)
                0x0000000000085b18                memmove
 .text          0x0000000000085ca4       0xdc c:/altera/14.0/nios2eds/bin/gnu/h-x86_64-mingw32/bin/../lib/gcc/nios2-elf/4.7.3/../../../../../H-x86_64-mingw32/nios2-elf/lib/mno-hw-mul\libc.a(lib_a-memset.o)
                0x0000000000085ca4                memset
 .text          0x0000000000085d80     0x1050 c:/altera/14.0/nios2eds/bin/gnu/h-x86_64-mingw32/bin/../lib/gcc/nios2-elf/4.7.3/../../../../../H-x86_64-mingw32/nios2-elf/lib/mno-hw-mul\libc.a(lib_a-mprec.o)
                0x0000000000085d80                _Balloc
                0x0000000000085e28                _Bfree
                0x0000000000085e50                __multadd
                0x0000000000085f94                __s2b
                0x0000000000086098                __hi0bits
                0x0000000000086100                __lo0bits
                0x00000000000861b0                __i2b
                0x00000000000861ec                __multiply
                0x0000000000086444                __pow5mult
                0x0000000000086570                __lshift
                0x00000000000866cc                __mcmp
                0x0000000000086724                __mdiff
                0x00000000000868cc                __ulp
                0x000000000008692c                __b2d
                0x0000000000086a74                __d2b
                0x0000000000086bb8                __ratio
                0x0000000000086c5c                _mprec_log10
                0x0000000000086cd0                __copybits
                0x0000000000086d4c                __any_on
 .text          0x0000000000086dd0      0x5fc c:/altera/14.0/nios2eds/bin/gnu/h-x86_64-mingw32/bin/../lib/gcc/nios2-elf/4.7.3/../../../../../H-x86_64-mingw32/nios2-elf/lib/mno-hw-mul\libc.a(lib_a-reallocr.o)
                0x0000000000086dd0                _realloc_r
 .text          0x00000000000873cc       0x38 c:/altera/14.0/nios2eds/bin/gnu/h-x86_64-mingw32/bin/../lib/gcc/nios2-elf/4.7.3/../../../../../H-x86_64-mingw32/nios2-elf/lib/mno-hw-mul\libc.a(lib_a-s_isinfd.o)
                0x00000000000873cc                __isinfd
 .text          0x0000000000087404       0x2c c:/altera/14.0/nios2eds/bin/gnu/h-x86_64-mingw32/bin/../lib/gcc/nios2-elf/4.7.3/../../../../../H-x86_64-mingw32/nios2-elf/lib/mno-hw-mul\libc.a(lib_a-s_isnand.o)
                0x0000000000087404                __isnand
 .text          0x0000000000087430       0x64 c:/altera/14.0/nios2eds/bin/gnu/h-x86_64-mingw32/bin/../lib/gcc/nios2-elf/4.7.3/../../../../../H-x86_64-mingw32/nios2-elf/lib/mno-hw-mul\libc.a(lib_a-sbrkr.o)
                0x0000000000087430                _sbrk_r
 .text          0x0000000000087494      0x140 c:/altera/14.0/nios2eds/bin/gnu/h-x86_64-mingw32/bin/../lib/gcc/nios2-elf/4.7.3/../../../../../H-x86_64-mingw32/nios2-elf/lib/mno-hw-mul\libc.a(lib_a-stdio.o)
                0x0000000000087494                __sread
                0x00000000000874e8                __swrite
                0x0000000000087570                __sseek
                0x00000000000875cc                __sclose
 .text          0x00000000000875d4       0xa4 c:/altera/14.0/nios2eds/bin/gnu/h-x86_64-mingw32/bin/../lib/gcc/nios2-elf/4.7.3/../../../../../H-x86_64-mingw32/nios2-elf/lib/mno-hw-mul\libc.a(lib_a-strcmp.o)
                0x00000000000875d4                strcmp
 .text          0x0000000000087678       0x6c c:/altera/14.0/nios2eds/bin/gnu/h-x86_64-mingw32/bin/../lib/gcc/nios2-elf/4.7.3/../../../../../H-x86_64-mingw32/nios2-elf/lib/mno-hw-mul\libc.a(lib_a-writer.o)
                0x0000000000087678                _write_r
 .text          0x00000000000876e4       0xcc c:/altera/14.0/nios2eds/bin/gnu/h-x86_64-mingw32/bin/../lib/gcc/nios2-elf/4.7.3/../../../../../H-x86_64-mingw32/nios2-elf/lib/mno-hw-mul\libc.a(lib_a-callocr.o)
                0x00000000000876e4                _calloc_r
 .text          0x00000000000877b0       0x64 c:/altera/14.0/nios2eds/bin/gnu/h-x86_64-mingw32/bin/../lib/gcc/nios2-elf/4.7.3/../../../../../H-x86_64-mingw32/nios2-elf/lib/mno-hw-mul\libc.a(lib_a-closer.o)
                0x00000000000877b0                _close_r
 .text          0x0000000000087814      0x150 c:/altera/14.0/nios2eds/bin/gnu/h-x86_64-mingw32/bin/../lib/gcc/nios2-elf/4.7.3/../../../../../H-x86_64-mingw32/nios2-elf/lib/mno-hw-mul\libc.a(lib_a-fclose.o)
                0x0000000000087814                _fclose_r
                0x0000000000087950                fclose
 .text          0x0000000000087964       0x68 c:/altera/14.0/nios2eds/bin/gnu/h-x86_64-mingw32/bin/../lib/gcc/nios2-elf/4.7.3/../../../../../H-x86_64-mingw32/nios2-elf/lib/mno-hw-mul\libc.a(lib_a-fstatr.o)
                0x0000000000087964                _fstat_r
 .text          0x00000000000879cc        0x0 c:/altera/14.0/nios2eds/bin/gnu/h-x86_64-mingw32/bin/../lib/gcc/nios2-elf/4.7.3/../../../../../H-x86_64-mingw32/nios2-elf/lib/mno-hw-mul\libc.a(lib_a-int_errno.o)
 .text          0x00000000000879cc       0x64 c:/altera/14.0/nios2eds/bin/gnu/h-x86_64-mingw32/bin/../lib/gcc/nios2-elf/4.7.3/../../../../../H-x86_64-mingw32/nios2-elf/lib/mno-hw-mul\libc.a(lib_a-isattyr.o)
                0x00000000000879cc                _isatty_r
 .text          0x0000000000087a30       0x6c c:/altera/14.0/nios2eds/bin/gnu/h-x86_64-mingw32/bin/../lib/gcc/nios2-elf/4.7.3/../../../../../H-x86_64-mingw32/nios2-elf/lib/mno-hw-mul\libc.a(lib_a-lseekr.o)
                0x0000000000087a30                _lseek_r
 .text          0x0000000000087a9c       0x6c c:/altera/14.0/nios2eds/bin/gnu/h-x86_64-mingw32/bin/../lib/gcc/nios2-elf/4.7.3/../../../../../H-x86_64-mingw32/nios2-elf/lib/mno-hw-mul\libc.a(lib_a-readr.o)
                0x0000000000087a9c                _read_r
 .text          0x0000000000087b08      0x650 c:/altera/14.0/nios2eds/bin/gnu/h-x86_64-mingw32/bin/../lib/gcc/nios2-elf/4.7.3/mno-hw-mul\libgcc.a(_udivdi3.o)
                0x0000000000087b08                __udivdi3
 .text          0x0000000000088158      0x628 c:/altera/14.0/nios2eds/bin/gnu/h-x86_64-mingw32/bin/../lib/gcc/nios2-elf/4.7.3/mno-hw-mul\libgcc.a(_umoddi3.o)
                0x0000000000088158                __umoddi3
 .text          0x0000000000088780      0x408 c:/altera/14.0/nios2eds/bin/gnu/h-x86_64-mingw32/bin/../lib/gcc/nios2-elf/4.7.3/mno-hw-mul\libgcc.a(_addsub_df.o)
                0x0000000000088ad4                __adddf3
                0x0000000000088b28                __subdf3
 .text          0x0000000000088b88      0x2e4 c:/altera/14.0/nios2eds/bin/gnu/h-x86_64-mingw32/bin/../lib/gcc/nios2-elf/4.7.3/mno-hw-mul\libgcc.a(_mul_df.o)
                0x0000000000088b88                __muldf3
 .text          0x0000000000088e6c      0x1b4 c:/altera/14.0/nios2eds/bin/gnu/h-x86_64-mingw32/bin/../lib/gcc/nios2-elf/4.7.3/mno-hw-mul\libgcc.a(_div_df.o)
                0x0000000000088e6c                __divdf3
 .text          0x0000000000089020       0x5c c:/altera/14.0/nios2eds/bin/gnu/h-x86_64-mingw32/bin/../lib/gcc/nios2-elf/4.7.3/mno-hw-mul\libgcc.a(_eq_df.o)
                0x0000000000089020                __eqdf2
 .text          0x000000000008907c       0x5c c:/altera/14.0/nios2eds/bin/gnu/h-x86_64-mingw32/bin/../lib/gcc/nios2-elf/4.7.3/mno-hw-mul\libgcc.a(_ne_df.o)
                0x000000000008907c                __nedf2
 .text          0x00000000000890d8       0x64 c:/altera/14.0/nios2eds/bin/gnu/h-x86_64-mingw32/bin/../lib/gcc/nios2-elf/4.7.3/mno-hw-mul\libgcc.a(_gt_df.o)
                0x00000000000890d8                __gtdf2
 .text          0x000000000008913c       0x64 c:/altera/14.0/nios2eds/bin/gnu/h-x86_64-mingw32/bin/../lib/gcc/nios2-elf/4.7.3/mno-hw-mul\libgcc.a(_ge_df.o)
                0x000000000008913c                __gedf2
 .text          0x00000000000891a0       0x5c c:/altera/14.0/nios2eds/bin/gnu/h-x86_64-mingw32/bin/../lib/gcc/nios2-elf/4.7.3/mno-hw-mul\libgcc.a(_lt_df.o)
                0x00000000000891a0                __ltdf2
 .text          0x00000000000891fc       0xd4 c:/altera/14.0/nios2eds/bin/gnu/h-x86_64-mingw32/bin/../lib/gcc/nios2-elf/4.7.3/mno-hw-mul\libgcc.a(_si_to_df.o)
                0x00000000000891fc                __floatsidf
 .text          0x00000000000892d0       0xc4 c:/altera/14.0/nios2eds/bin/gnu/h-x86_64-mingw32/bin/../lib/gcc/nios2-elf/4.7.3/mno-hw-mul\libgcc.a(_df_to_si.o)
                0x00000000000892d0                __fixdfsi
 .text          0x0000000000089394        0x0 c:/altera/14.0/nios2eds/bin/gnu/h-x86_64-mingw32/bin/../lib/gcc/nios2-elf/4.7.3/mno-hw-mul\libgcc.a(_thenan_df.o)
 .text          0x0000000000089394      0x11c c:/altera/14.0/nios2eds/bin/gnu/h-x86_64-mingw32/bin/../lib/gcc/nios2-elf/4.7.3/mno-hw-mul\libgcc.a(_usi_to_df.o)
                0x0000000000089394                __floatunsidf
 .text          0x00000000000894b0      0x130 c:/altera/14.0/nios2eds/bin/gnu/h-x86_64-mingw32/bin/../lib/gcc/nios2-elf/4.7.3/mno-hw-mul\libgcc.a(lib2-divmod.o)
                0x0000000000089524                __divsi3
                0x0000000000089574                __modsi3
                0x00000000000895d0                __udivsi3
                0x00000000000895d8                __umodsi3
 .text          0x00000000000895e0       0x28 c:/altera/14.0/nios2eds/bin/gnu/h-x86_64-mingw32/bin/../lib/gcc/nios2-elf/4.7.3/mno-hw-mul\libgcc.a(lib2-mul.o)
                0x00000000000895e0                __mulsi3
 .text          0x0000000000089608      0x110 c:/altera/14.0/nios2eds/bin/gnu/h-x86_64-mingw32/bin/../lib/gcc/nios2-elf/4.7.3/mno-hw-mul\libgcc.a(_muldi3.o)
                0x0000000000089608                __muldi3
 .text          0x0000000000089718        0x0 c:/altera/14.0/nios2eds/bin/gnu/h-x86_64-mingw32/bin/../lib/gcc/nios2-elf/4.7.3/mno-hw-mul\libgcc.a(_clz.o)
 .text          0x0000000000089718       0xac c:/altera/14.0/nios2eds/bin/gnu/h-x86_64-mingw32/bin/../lib/gcc/nios2-elf/4.7.3/mno-hw-mul\libgcc.a(_clzsi2.o)
                0x0000000000089718                __clzsi2
 .text          0x00000000000897c4      0x224 c:/altera/14.0/nios2eds/bin/gnu/h-x86_64-mingw32/bin/../lib/gcc/nios2-elf/4.7.3/mno-hw-mul\libgcc.a(_pack_df.o)
                0x00000000000897c4                __pack_d
 .text          0x00000000000899e8      0x104 c:/altera/14.0/nios2eds/bin/gnu/h-x86_64-mingw32/bin/../lib/gcc/nios2-elf/4.7.3/mno-hw-mul\libgcc.a(_unpack_df.o)
                0x00000000000899e8                __unpack_d
 .text          0x0000000000089aec       0xd0 c:/altera/14.0/nios2eds/bin/gnu/h-x86_64-mingw32/bin/../lib/gcc/nios2-elf/4.7.3/mno-hw-mul\libgcc.a(_fpcmp_parts_df.o)
                0x0000000000089aec                __fpcmp_parts_d
 .text          0x0000000000089bbc       0x44 c:/altera/14.0/nios2eds/bin/gnu/h-x86_64-mingw32/bin/../lib/gcc/nios2-elf/4.7.3/mno-hw-mul\libgcc.a(_lshrdi3.o)
                0x0000000000089bbc                __lshrdi3
 .text          0x0000000000089c00       0x44 c:/altera/14.0/nios2eds/bin/gnu/h-x86_64-mingw32/bin/../lib/gcc/nios2-elf/4.7.3/mno-hw-mul\libgcc.a(_ashldi3.o)
                0x0000000000089c00                __ashldi3
 .text          0x0000000000089c44      0x11c ../ControlUnit_bsp/\libucosii_bsp.a(alt_close.o)
                0x0000000000089c94                close
 .text          0x0000000000089d60       0x2c ../ControlUnit_bsp/\libucosii_bsp.a(alt_dev.o)
 .text          0x0000000000089d8c        0x0 ../ControlUnit_bsp/\libucosii_bsp.a(alt_errno.o)
 .text          0x0000000000089d8c      0x100 ../ControlUnit_bsp/\libucosii_bsp.a(alt_fstat.o)
                0x0000000000089ddc                fstat
 .text          0x0000000000089e8c      0x1d8 ../ControlUnit_bsp/\libucosii_bsp.a(alt_iic.o)
                0x0000000000089e8c                alt_ic_isr_register
                0x0000000000089edc                alt_ic_irq_enable
                0x0000000000089f78                alt_ic_irq_disable
                0x000000000008a018                alt_ic_irq_enabled
 .text          0x000000000008a064       0xf0 ../ControlUnit_bsp/\libucosii_bsp.a(alt_iic_isr_register.o)
                0x000000000008a064                alt_iic_isr_register
 .text          0x000000000008a154        0x0 ../ControlUnit_bsp/\libucosii_bsp.a(alt_irq_entry.o)
 .text          0x000000000008a154        0x0 ../ControlUnit_bsp/\libucosii_bsp.a(alt_irq_handler.o)
 .text          0x000000000008a154        0x0 ../ControlUnit_bsp/\libucosii_bsp.a(alt_irq_vars.o)
 .text          0x000000000008a154       0xf4 ../ControlUnit_bsp/\libucosii_bsp.a(alt_isatty.o)
                0x000000000008a1a4                isatty
 .text          0x000000000008a248       0xec ../ControlUnit_bsp/\libucosii_bsp.a(alt_load.o)
                0x000000000008a2b4                alt_load
 .text          0x000000000008a334      0x124 ../ControlUnit_bsp/\libucosii_bsp.a(alt_lseek.o)
                0x000000000008a384                lseek
 .text          0x000000000008a458       0xcc ../ControlUnit_bsp/\libucosii_bsp.a(alt_main.o)
                0x000000000008a458                alt_main
 .text          0x000000000008a524      0x144 ../ControlUnit_bsp/\libucosii_bsp.a(alt_read.o)
                0x000000000008a574                read
 .text          0x000000000008a668       0x80 ../ControlUnit_bsp/\libucosii_bsp.a(alt_release_fd.o)
                0x000000000008a668                alt_release_fd
 .text          0x000000000008a6e8       0xb0 ../ControlUnit_bsp/\libucosii_bsp.a(alt_sbrk.o)
                0x000000000008a6e8                sbrk
 .text          0x000000000008a798      0x140 ../ControlUnit_bsp/\libucosii_bsp.a(alt_write.o)
                0x000000000008a7e8                write
 .text          0x000000000008a8d8      0x118 ../ControlUnit_bsp/\libucosii_bsp.a(alt_env_lock.o)
                0x000000000008a8d8                __env_lock
                0x000000000008a990                __env_unlock
 .text          0x000000000008a9f0      0x1e8 ../ControlUnit_bsp/\libucosii_bsp.a(alt_malloc_lock.o)
                0x000000000008a9f0                __malloc_lock
                0x000000000008ab04                __malloc_unlock
 .text          0x000000000008abd8     0x2024 ../ControlUnit_bsp/\libucosii_bsp.a(os_core.o)
                0x000000000008abd8                OSEventNameGet
                0x000000000008acf8                OSEventNameSet
                0x000000000008ae3c                OSEventPendMulti
                0x000000000008b478                OSInit
                0x000000000008b4cc                OSIntEnter
                0x000000000008b548                OSIntExit
                0x000000000008b63c                OSSchedLock
                0x000000000008b6c4                OSSchedUnlock
                0x000000000008b79c                OSStart
                0x000000000008b808                OSStatInit
                0x000000000008b8b4                OSTimeTick
                0x000000000008bad4                OSVersion
                0x000000000008baf4                OS_Dummy
                0x000000000008bb10                OS_EventTaskRdy
                0x000000000008bca8                OS_EventTaskWait
                0x000000000008bdb0                OS_EventTaskWaitMulti
                0x000000000008bef8                OS_EventTaskRemove
                0x000000000008bfa8                OS_EventTaskRemoveMulti
                0x000000000008c0a0                OS_EventWaitListInit
                0x000000000008c46c                OS_MemClr
                0x000000000008c4c0                OS_MemCopy
                0x000000000008c52c                OS_Sched
                0x000000000008c668                OS_StrCopy
                0x000000000008c6e4                OS_StrLen
                0x000000000008c738                OS_TaskIdle
                0x000000000008c794                OS_TaskStat
                0x000000000008c85c                OS_TaskStatStkChk
                0x000000000008c924                OS_TCBInit
 .text          0x000000000008cbfc      0x18c ../ControlUnit_bsp/\libucosii_bsp.a(os_dbg.o)
                0x000000000008cbfc                OSDebugInit
 .text          0x000000000008cd88     0x1834 ../ControlUnit_bsp/\libucosii_bsp.a(os_flag.o)
                0x000000000008cd88                OSFlagAccept
                0x000000000008d090                OSFlagCreate
                0x000000000008d1b8                OSFlagDel
                0x000000000008d428                OSFlagNameGet
                0x000000000008d558                OSFlagNameSet
                0x000000000008d6ac                OSFlagPend
                0x000000000008dcac                OSFlagPendGetFlagsRdy
                0x000000000008dd14                OSFlagPost
                0x000000000008e0a8                OSFlagQuery
                0x000000000008e32c                OS_FlagInit
                0x000000000008e51c                OS_FlagUnlink
 .text          0x000000000008e5bc      0x790 ../ControlUnit_bsp/\libucosii_bsp.a(os_mem.o)
                0x000000000008e5bc                OSMemCreate
                0x000000000008e7b0                OSMemGet
                0x000000000008e8a0                OSMemNameGet
                0x000000000008e998                OSMemNameSet
                0x000000000008eab4                OSMemPut
                0x000000000008eb8c                OSMemQuery
                0x000000000008ec74                OS_MemInit
 .text          0x000000000008ed4c     0x1224 ../ControlUnit_bsp/\libucosii_bsp.a(os_q.o)
                0x000000000008ed4c                OSQAccept
                0x000000000008ee8c                OSQCreate
                0x000000000008f084                OSQDel
                0x000000000008f354                OSQFlush
                0x000000000008f40c                OSQPend
                0x000000000008f708                OSQPendAbort
                0x000000000008f87c                OSQPost
                0x000000000008f9e4                OSQPostFront
                0x000000000008fb54                OSQPostOpt
                0x000000000008fd60                OSQQuery
                0x000000000008fec4                OS_QInit
 .text          0x000000000008ff70      0xb28 ../ControlUnit_bsp/\libucosii_bsp.a(os_sem.o)
                0x000000000008ff70                OSSemAccept
                0x0000000000090020                OSSemCreate
                0x0000000000090120                OSSemDel
                0x0000000000090390                OSSemPend
                0x00000000000905fc                OSSemPendAbort
                0x0000000000090770                OSSemPost
                0x0000000000090880                OSSemQuery
                0x0000000000090998                OSSemSet
 .text          0x0000000000090a98     0x18ec ../ControlUnit_bsp/\libucosii_bsp.a(os_task.o)
                0x0000000000090a98                OSTaskChangePrio
                0x0000000000090fc0                OSTaskCreate
                0x000000000009117c                OSTaskCreateExt
                0x0000000000091370                OSTaskDel
                0x000000000009174c                OSTaskDelReq
                0x00000000000918a4                OSTaskNameGet
                0x0000000000091a4c                OSTaskNameSet
                0x0000000000091c10                OSTaskResume
                0x0000000000091e04                OSTaskStkChk
                0x0000000000091fd8                OSTaskSuspend
                0x00000000000921e8                OSTaskQuery
                0x0000000000092314                OS_TaskStkClr
 .text          0x0000000000092384      0x584 ../ControlUnit_bsp/\libucosii_bsp.a(os_time.o)
                0x0000000000092384                OSTimeDly
                0x00000000000924cc                OSTimeDlyHMSM
                0x0000000000092654                OSTimeDlyResume
                0x0000000000092840                OSTimeGet
                0x00000000000928a4                OSTimeSet
 .text          0x0000000000092908       0xcc ../ControlUnit_bsp/\libucosii_bsp.a(alt_sys_init.o)
                0x0000000000092940                alt_irq_init
                0x0000000000092974                alt_sys_init
 .text          0x00000000000929d4      0x164 ../ControlUnit_bsp/\libucosii_bsp.a(altera_avalon_jtag_uart_fd.o)
                0x00000000000929d4                altera_avalon_jtag_uart_read_fd
                0x0000000000092a34                altera_avalon_jtag_uart_write_fd
                0x0000000000092a94                altera_avalon_jtag_uart_close_fd
                0x0000000000092ae4                altera_avalon_jtag_uart_ioctl_fd
 .text          0x0000000000092b38      0x55c ../ControlUnit_bsp/\libucosii_bsp.a(altera_avalon_jtag_uart_init.o)
                0x0000000000092b38                altera_avalon_jtag_uart_init
                0x000000000009302c                altera_avalon_jtag_uart_close
 .text          0x0000000000093094       0xf4 ../ControlUnit_bsp/\libucosii_bsp.a(altera_avalon_jtag_uart_ioctl.o)
                0x0000000000093094                altera_avalon_jtag_uart_ioctl
 .text          0x0000000000093188      0x2c4 ../ControlUnit_bsp/\libucosii_bsp.a(altera_avalon_jtag_uart_read.o)
                0x0000000000093188                altera_avalon_jtag_uart_read
 .text          0x000000000009344c      0x2cc ../ControlUnit_bsp/\libucosii_bsp.a(altera_avalon_jtag_uart_write.o)
                0x000000000009344c                altera_avalon_jtag_uart_write
 .text          0x0000000000093718       0xfc ../ControlUnit_bsp/\libucosii_bsp.a(altera_avalon_timer_sc.o)
                0x000000000009378c                alt_avalon_timer_sc_init
 .text          0x0000000000093814      0x140 ../ControlUnit_bsp/\libucosii_bsp.a(alt_alarm_start.o)
                0x0000000000093814                alt_alarm_start
 .text          0x0000000000093954       0x1c ../ControlUnit_bsp/\libucosii_bsp.a(alt_dcache_flush_all.o)
                0x0000000000093954                alt_dcache_flush_all
 .text          0x0000000000093970       0xf0 ../ControlUnit_bsp/\libucosii_bsp.a(alt_dev_llist_insert.o)
                0x00000000000939c0                alt_dev_llist_insert
 .text          0x0000000000093a60       0x5c ../ControlUnit_bsp/\libucosii_bsp.a(alt_do_ctors.o)
                0x0000000000093a60                _do_ctors
 .text          0x0000000000093abc       0x5c ../ControlUnit_bsp/\libucosii_bsp.a(alt_do_dtors.o)
                0x0000000000093abc                _do_dtors
 .text          0x0000000000093b18        0x0 ../ControlUnit_bsp/\libucosii_bsp.a(alt_exception_entry.o)
 .text          0x0000000000093b18       0x1c ../ControlUnit_bsp/\libucosii_bsp.a(alt_icache_flush_all.o)
                0x0000000000093b18                alt_icache_flush_all
 .text          0x0000000000093b34      0x158 ../ControlUnit_bsp/\libucosii_bsp.a(alt_io_redirect.o)
                0x0000000000093c14                alt_io_redirect
 .text          0x0000000000093c8c      0x298 ../ControlUnit_bsp/\libucosii_bsp.a(alt_open.o)
                0x0000000000093dcc                open
 .text          0x0000000000093f24      0x19c ../ControlUnit_bsp/\libucosii_bsp.a(alt_tick.o)
                0x0000000000093f24                alt_alarm_stop
                0x0000000000093fbc                alt_tick
 .text          0x00000000000940c0       0x20 ../ControlUnit_bsp/\libucosii_bsp.a(altera_nios2_qsys_irq.o)
                0x00000000000940c0                altera_nios2_qsys_irq_init
 .text          0x00000000000940e0       0xd0 ../ControlUnit_bsp/\libucosii_bsp.a(os_cpu_a.o)
                0x00000000000940e0                OSCtxSw
                0x00000000000940e0                OSIntCtxSw
                0x000000000009416c                OSStartHighRdy
                0x000000000009418c                OSStartTsk
 .text          0x00000000000941b0      0x3fc ../ControlUnit_bsp/\libucosii_bsp.a(os_cpu_c.o)
                0x00000000000941b0                OSTaskStkInit
                0x00000000000944a4                OSTaskCreateHook
                0x00000000000944c4                OSTaskDelHook
                0x00000000000944e4                OSTaskSwHook
                0x0000000000094500                OSTaskStatHook
                0x000000000009451c                OSTimeTickHook
                0x0000000000094538                OSInitHookBegin
                0x0000000000094554                OSInitHookEnd
                0x0000000000094570                OSTaskIdleHook
                0x000000000009458c                OSTCBInitHook
 .text          0x00000000000945ac       0x90 ../ControlUnit_bsp/\libucosii_bsp.a(alt_find_dev.o)
                0x00000000000945ac                alt_find_dev
 .text          0x000000000009463c      0x114 ../ControlUnit_bsp/\libucosii_bsp.a(alt_find_file.o)
                0x000000000009463c                alt_find_file
 .text          0x0000000000094750      0x114 ../ControlUnit_bsp/\libucosii_bsp.a(alt_get_fd.o)
                0x0000000000094750                alt_get_fd
 .text          0x0000000000094864       0x14 c:/altera/14.0/nios2eds/bin/gnu/h-x86_64-mingw32/bin/../lib/gcc/nios2-elf/4.7.3/../../../../../H-x86_64-mingw32/nios2-elf/lib/mno-hw-mul\libc.a(lib_a-atexit.o)
                0x0000000000094864                atexit
 .text          0x0000000000094878       0x38 c:/altera/14.0/nios2eds/bin/gnu/h-x86_64-mingw32/bin/../lib/gcc/nios2-elf/4.7.3/../../../../../H-x86_64-mingw32/nios2-elf/lib/mno-hw-mul\libc.a(lib_a-exit.o)
                0x0000000000094878                exit
 .text          0x00000000000948b0       0x7c c:/altera/14.0/nios2eds/bin/gnu/h-x86_64-mingw32/bin/../lib/gcc/nios2-elf/4.7.3/../../../../../H-x86_64-mingw32/nios2-elf/lib/mno-hw-mul\libc.a(lib_a-memcmp.o)
                0x00000000000948b0                memcmp
 .text          0x000000000009492c      0x130 c:/altera/14.0/nios2eds/bin/gnu/h-x86_64-mingw32/bin/../lib/gcc/nios2-elf/4.7.3/../../../../../H-x86_64-mingw32/nios2-elf/lib/mno-hw-mul\libc.a(lib_a-__atexit.o)
                0x000000000009492c                __register_exitproc
 .text          0x0000000000094a5c      0x1a0 c:/altera/14.0/nios2eds/bin/gnu/h-x86_64-mingw32/bin/../lib/gcc/nios2-elf/4.7.3/../../../../../H-x86_64-mingw32/nios2-elf/lib/mno-hw-mul\libc.a(lib_a-__call_atexit.o)
                0x0000000000094a5c                __call_exitprocs
 .text          0x0000000000094bfc       0x44 ../ControlUnit_bsp/\libucosii_bsp.a(alt_exit.o)
                0x0000000000094bfc                _exit
 *(.gnu.warning.*)
 *(.fini)
                0x0000000000094c40                PROVIDE (__etext, ABSOLUTE (.))
                0x0000000000094c40                PROVIDE (_etext, ABSOLUTE (.))
                0x0000000000094c40                PROVIDE (etext, ABSOLUTE (.))
 *(.eh_frame_hdr)
                0x0000000000094c40                . = ALIGN (0x4)
                0x0000000000094c40                PROVIDE (__preinit_array_start, ABSOLUTE (.))
 *(.preinit_array)
                0x0000000000094c40                PROVIDE (__preinit_array_end, ABSOLUTE (.))
                0x0000000000094c40                PROVIDE (__init_array_start, ABSOLUTE (.))
 *(.init_array)
                0x0000000000094c40                PROVIDE (__init_array_end, ABSOLUTE (.))
                0x0000000000094c40                PROVIDE (__fini_array_start, ABSOLUTE (.))
 *(.fini_array)
                0x0000000000094c40                PROVIDE (__fini_array_end, ABSOLUTE (.))
 *(.eh_frame)
 *(.gcc_except_table .gcc_except_table.*)
 *(.dynamic)
                0x0000000000094c40                PROVIDE (__CTOR_LIST__, ABSOLUTE (.))
 *(.ctors)
 *(SORT(.ctors.*))
                0x0000000000094c40                PROVIDE (__CTOR_END__, ABSOLUTE (.))
                0x0000000000094c40                PROVIDE (__DTOR_LIST__, ABSOLUTE (.))
 *(.dtors)
 *(SORT(.dtors.*))
                0x0000000000094c40                PROVIDE (__DTOR_END__, ABSOLUTE (.))
 *(.jcr)
                0x0000000000094c40                . = ALIGN (0x4)

.rodata         0x0000000000094c40      0x51c
                0x0000000000094c40                PROVIDE (__ram_rodata_start, ABSOLUTE (.))
                0x0000000000094c40                . = ALIGN (0x4)
 *(.rodata .rodata.* .gnu.linkonce.r.*)
 .rodata        0x0000000000094c40       0xd8 obj/default/main.o
 .rodata.str1.4
                0x0000000000094d18        0x2 c:/altera/14.0/nios2eds/bin/gnu/h-x86_64-mingw32/bin/../lib/gcc/nios2-elf/4.7.3/../../../../../H-x86_64-mingw32/nios2-elf/lib/mno-hw-mul\libc.a(lib_a-puts.o)
                                          0x4 (size before relaxing)
 *fill*         0x0000000000094d1a        0x2 
 .rodata.str1.4
                0x0000000000094d1c       0x42 c:/altera/14.0/nios2eds/bin/gnu/h-x86_64-mingw32/bin/../lib/gcc/nios2-elf/4.7.3/../../../../../H-x86_64-mingw32/nios2-elf/lib/mno-hw-mul\libc.a(lib_a-vfprintf.o)
                                         0x44 (size before relaxing)
 .rodata        0x0000000000094d5e       0x20 c:/altera/14.0/nios2eds/bin/gnu/h-x86_64-mingw32/bin/../lib/gcc/nios2-elf/4.7.3/../../../../../H-x86_64-mingw32/nios2-elf/lib/mno-hw-mul\libc.a(lib_a-vfprintf.o)
 *fill*         0x0000000000094d7e        0x2 
 .rodata.str1.4
                0x0000000000094d80       0x10 c:/altera/14.0/nios2eds/bin/gnu/h-x86_64-mingw32/bin/../lib/gcc/nios2-elf/4.7.3/../../../../../H-x86_64-mingw32/nios2-elf/lib/mno-hw-mul\libc.a(lib_a-dtoa.o)
                                         0x14 (size before relaxing)
 .rodata.str1.4
                0x0000000000094d90        0x2 c:/altera/14.0/nios2eds/bin/gnu/h-x86_64-mingw32/bin/../lib/gcc/nios2-elf/4.7.3/../../../../../H-x86_64-mingw32/nios2-elf/lib/mno-hw-mul\libc.a(lib_a-impure.o)
                                          0x4 (size before relaxing)
 *fill*         0x0000000000094d92        0x2 
 .rodata.str1.4
                0x0000000000094d94       0x10 c:/altera/14.0/nios2eds/bin/gnu/h-x86_64-mingw32/bin/../lib/gcc/nios2-elf/4.7.3/../../../../../H-x86_64-mingw32/nios2-elf/lib/mno-hw-mul\libc.a(lib_a-locale.o)
                                         0x18 (size before relaxing)
 .rodata        0x0000000000094da4       0x30 c:/altera/14.0/nios2eds/bin/gnu/h-x86_64-mingw32/bin/../lib/gcc/nios2-elf/4.7.3/../../../../../H-x86_64-mingw32/nios2-elf/lib/mno-hw-mul\libc.a(lib_a-locale.o)
 .rodata        0x0000000000094dd4      0x124 c:/altera/14.0/nios2eds/bin/gnu/h-x86_64-mingw32/bin/../lib/gcc/nios2-elf/4.7.3/../../../../../H-x86_64-mingw32/nios2-elf/lib/mno-hw-mul\libc.a(lib_a-mprec.o)
                0x0000000000094dd4                __mprec_tinytens
                0x0000000000094dfc                __mprec_bigtens
                0x0000000000094e24                __mprec_tens
 .rodata        0x0000000000094ef8       0x14 c:/altera/14.0/nios2eds/bin/gnu/h-x86_64-mingw32/bin/../lib/gcc/nios2-elf/4.7.3/mno-hw-mul\libgcc.a(_thenan_df.o)
                0x0000000000094ef8                __thenan_df
 .rodata        0x0000000000094f0c      0x100 c:/altera/14.0/nios2eds/bin/gnu/h-x86_64-mingw32/bin/../lib/gcc/nios2-elf/4.7.3/mno-hw-mul\libgcc.a(_clz.o)
                0x0000000000094f0c                __clz_tab
 .rodata        0x000000000009500c        0xc ../ControlUnit_bsp/\libucosii_bsp.a(alt_dev.o)
 .rodata        0x0000000000095018       0x10 ../ControlUnit_bsp/\libucosii_bsp.a(alt_main.o)
 .rodata        0x0000000000095028      0x120 ../ControlUnit_bsp/\libucosii_bsp.a(os_core.o)
                0x0000000000095028                OSUnMapTbl
 .rodata        0x0000000000095148       0x10 ../ControlUnit_bsp/\libucosii_bsp.a(alt_sys_init.o)
 .rodata        0x0000000000095158        0x4 ../ControlUnit_bsp/\libucosii_bsp.a(os_cpu_c.o)
 *(.rodata1)
                0x000000000009515c                . = ALIGN (0x4)
                0x000000000009515c                PROVIDE (__ram_rodata_end, ABSOLUTE (.))
                0x0000000000094c40                PROVIDE (__flash_rodata_start, LOADADDR (.rodata))

.rwdata         0x000000000009515c     0x1ae0 load address 0x0000000000096c3c
                0x000000000009515c                PROVIDE (__ram_rwdata_start, ABSOLUTE (.))
                0x000000000009515c                . = ALIGN (0x4)
 *(.got.plt)
 *(.got)
 *(.data1)
 *(.data .data.* .gnu.linkonce.d.*)
 .data          0x000000000009515c        0x0 ../ControlUnit_bsp//obj/HAL/src/crt0.o
 .data          0x000000000009515c        0x0 obj/default/main.o
 .data          0x000000000009515c        0x0 obj/default/switchesIRQhandler.o
 .data          0x000000000009515c        0x0 c:/altera/14.0/nios2eds/bin/gnu/h-x86_64-mingw32/bin/../lib/gcc/nios2-elf/4.7.3/../../../../../H-x86_64-mingw32/nios2-elf/lib/mno-hw-mul\libc.a(lib_a-printf.o)
 .data          0x000000000009515c        0x0 c:/altera/14.0/nios2eds/bin/gnu/h-x86_64-mingw32/bin/../lib/gcc/nios2-elf/4.7.3/../../../../../H-x86_64-mingw32/nios2-elf/lib/mno-hw-mul\libc.a(lib_a-puts.o)
 .data          0x000000000009515c        0x0 c:/altera/14.0/nios2eds/bin/gnu/h-x86_64-mingw32/bin/../lib/gcc/nios2-elf/4.7.3/../../../../../H-x86_64-mingw32/nios2-elf/lib/mno-hw-mul\libc.a(lib_a-strlen.o)
 .data          0x000000000009515c        0x0 c:/altera/14.0/nios2eds/bin/gnu/h-x86_64-mingw32/bin/../lib/gcc/nios2-elf/4.7.3/../../../../../H-x86_64-mingw32/nios2-elf/lib/mno-hw-mul\libc.a(lib_a-vfprintf.o)
 .data          0x000000000009515c        0x0 c:/altera/14.0/nios2eds/bin/gnu/h-x86_64-mingw32/bin/../lib/gcc/nios2-elf/4.7.3/../../../../../H-x86_64-mingw32/nios2-elf/lib/mno-hw-mul\libc.a(lib_a-wsetup.o)
 .data          0x000000000009515c        0x0 c:/altera/14.0/nios2eds/bin/gnu/h-x86_64-mingw32/bin/../lib/gcc/nios2-elf/4.7.3/../../../../../H-x86_64-mingw32/nios2-elf/lib/mno-hw-mul\libc.a(lib_a-dtoa.o)
 .data          0x000000000009515c        0x0 c:/altera/14.0/nios2eds/bin/gnu/h-x86_64-mingw32/bin/../lib/gcc/nios2-elf/4.7.3/../../../../../H-x86_64-mingw32/nios2-elf/lib/mno-hw-mul\libc.a(lib_a-fflush.o)
 .data          0x000000000009515c        0x0 c:/altera/14.0/nios2eds/bin/gnu/h-x86_64-mingw32/bin/../lib/gcc/nios2-elf/4.7.3/../../../../../H-x86_64-mingw32/nios2-elf/lib/mno-hw-mul\libc.a(lib_a-findfp.o)
 .data          0x000000000009515c        0x0 c:/altera/14.0/nios2eds/bin/gnu/h-x86_64-mingw32/bin/../lib/gcc/nios2-elf/4.7.3/../../../../../H-x86_64-mingw32/nios2-elf/lib/mno-hw-mul\libc.a(lib_a-freer.o)
 .data          0x000000000009515c        0x0 c:/altera/14.0/nios2eds/bin/gnu/h-x86_64-mingw32/bin/../lib/gcc/nios2-elf/4.7.3/../../../../../H-x86_64-mingw32/nios2-elf/lib/mno-hw-mul\libc.a(lib_a-fvwrite.o)
 .data          0x000000000009515c        0x0 c:/altera/14.0/nios2eds/bin/gnu/h-x86_64-mingw32/bin/../lib/gcc/nios2-elf/4.7.3/../../../../../H-x86_64-mingw32/nios2-elf/lib/mno-hw-mul\libc.a(lib_a-fwalk.o)
 .data          0x000000000009515c      0x400 c:/altera/14.0/nios2eds/bin/gnu/h-x86_64-mingw32/bin/../lib/gcc/nios2-elf/4.7.3/../../../../../H-x86_64-mingw32/nios2-elf/lib/mno-hw-mul\libc.a(lib_a-impure.o)
 .data          0x000000000009555c        0xc c:/altera/14.0/nios2eds/bin/gnu/h-x86_64-mingw32/bin/../lib/gcc/nios2-elf/4.7.3/../../../../../H-x86_64-mingw32/nios2-elf/lib/mno-hw-mul\libc.a(lib_a-locale.o)
                0x000000000009555c                __lc_ctype
 .data          0x0000000000095568        0x0 c:/altera/14.0/nios2eds/bin/gnu/h-x86_64-mingw32/bin/../lib/gcc/nios2-elf/4.7.3/../../../../../H-x86_64-mingw32/nios2-elf/lib/mno-hw-mul\libc.a(lib_a-makebuf.o)
 .data          0x0000000000095568      0x408 c:/altera/14.0/nios2eds/bin/gnu/h-x86_64-mingw32/bin/../lib/gcc/nios2-elf/4.7.3/../../../../../H-x86_64-mingw32/nios2-elf/lib/mno-hw-mul\libc.a(lib_a-mallocr.o)
                0x0000000000095568                __malloc_av_
 .data          0x0000000000095970        0x0 c:/altera/14.0/nios2eds/bin/gnu/h-x86_64-mingw32/bin/../lib/gcc/nios2-elf/4.7.3/../../../../../H-x86_64-mingw32/nios2-elf/lib/mno-hw-mul\libc.a(lib_a-memchr.o)
 .data          0x0000000000095970        0x0 c:/altera/14.0/nios2eds/bin/gnu/h-x86_64-mingw32/bin/../lib/gcc/nios2-elf/4.7.3/../../../../../H-x86_64-mingw32/nios2-elf/lib/mno-hw-mul\libc.a(lib_a-memcpy.o)
 .data          0x0000000000095970        0x0 c:/altera/14.0/nios2eds/bin/gnu/h-x86_64-mingw32/bin/../lib/gcc/nios2-elf/4.7.3/../../../../../H-x86_64-mingw32/nios2-elf/lib/mno-hw-mul\libc.a(lib_a-memmove.o)
 .data          0x0000000000095970        0x0 c:/altera/14.0/nios2eds/bin/gnu/h-x86_64-mingw32/bin/../lib/gcc/nios2-elf/4.7.3/../../../../../H-x86_64-mingw32/nios2-elf/lib/mno-hw-mul\libc.a(lib_a-memset.o)
 .data          0x0000000000095970        0x0 c:/altera/14.0/nios2eds/bin/gnu/h-x86_64-mingw32/bin/../lib/gcc/nios2-elf/4.7.3/../../../../../H-x86_64-mingw32/nios2-elf/lib/mno-hw-mul\libc.a(lib_a-mprec.o)
 .data          0x0000000000095970        0x0 c:/altera/14.0/nios2eds/bin/gnu/h-x86_64-mingw32/bin/../lib/gcc/nios2-elf/4.7.3/../../../../../H-x86_64-mingw32/nios2-elf/lib/mno-hw-mul\libc.a(lib_a-reallocr.o)
 .data          0x0000000000095970        0x0 c:/altera/14.0/nios2eds/bin/gnu/h-x86_64-mingw32/bin/../lib/gcc/nios2-elf/4.7.3/../../../../../H-x86_64-mingw32/nios2-elf/lib/mno-hw-mul\libc.a(lib_a-s_isinfd.o)
 .data          0x0000000000095970        0x0 c:/altera/14.0/nios2eds/bin/gnu/h-x86_64-mingw32/bin/../lib/gcc/nios2-elf/4.7.3/../../../../../H-x86_64-mingw32/nios2-elf/lib/mno-hw-mul\libc.a(lib_a-s_isnand.o)
 .data          0x0000000000095970        0x0 c:/altera/14.0/nios2eds/bin/gnu/h-x86_64-mingw32/bin/../lib/gcc/nios2-elf/4.7.3/../../../../../H-x86_64-mingw32/nios2-elf/lib/mno-hw-mul\libc.a(lib_a-sbrkr.o)
 .data          0x0000000000095970        0x0 c:/altera/14.0/nios2eds/bin/gnu/h-x86_64-mingw32/bin/../lib/gcc/nios2-elf/4.7.3/../../../../../H-x86_64-mingw32/nios2-elf/lib/mno-hw-mul\libc.a(lib_a-stdio.o)
 .data          0x0000000000095970        0x0 c:/altera/14.0/nios2eds/bin/gnu/h-x86_64-mingw32/bin/../lib/gcc/nios2-elf/4.7.3/../../../../../H-x86_64-mingw32/nios2-elf/lib/mno-hw-mul\libc.a(lib_a-strcmp.o)
 .data          0x0000000000095970        0x0 c:/altera/14.0/nios2eds/bin/gnu/h-x86_64-mingw32/bin/../lib/gcc/nios2-elf/4.7.3/../../../../../H-x86_64-mingw32/nios2-elf/lib/mno-hw-mul\libc.a(lib_a-writer.o)
 .data          0x0000000000095970        0x0 c:/altera/14.0/nios2eds/bin/gnu/h-x86_64-mingw32/bin/../lib/gcc/nios2-elf/4.7.3/../../../../../H-x86_64-mingw32/nios2-elf/lib/mno-hw-mul\libc.a(lib_a-callocr.o)
 .data          0x0000000000095970        0x0 c:/altera/14.0/nios2eds/bin/gnu/h-x86_64-mingw32/bin/../lib/gcc/nios2-elf/4.7.3/../../../../../H-x86_64-mingw32/nios2-elf/lib/mno-hw-mul\libc.a(lib_a-closer.o)
 .data          0x0000000000095970        0x0 c:/altera/14.0/nios2eds/bin/gnu/h-x86_64-mingw32/bin/../lib/gcc/nios2-elf/4.7.3/../../../../../H-x86_64-mingw32/nios2-elf/lib/mno-hw-mul\libc.a(lib_a-fclose.o)
 .data          0x0000000000095970        0x0 c:/altera/14.0/nios2eds/bin/gnu/h-x86_64-mingw32/bin/../lib/gcc/nios2-elf/4.7.3/../../../../../H-x86_64-mingw32/nios2-elf/lib/mno-hw-mul\libc.a(lib_a-fstatr.o)
 .data          0x0000000000095970        0x0 c:/altera/14.0/nios2eds/bin/gnu/h-x86_64-mingw32/bin/../lib/gcc/nios2-elf/4.7.3/../../../../../H-x86_64-mingw32/nios2-elf/lib/mno-hw-mul\libc.a(lib_a-int_errno.o)
 .data          0x0000000000095970        0x0 c:/altera/14.0/nios2eds/bin/gnu/h-x86_64-mingw32/bin/../lib/gcc/nios2-elf/4.7.3/../../../../../H-x86_64-mingw32/nios2-elf/lib/mno-hw-mul\libc.a(lib_a-isattyr.o)
 .data          0x0000000000095970        0x0 c:/altera/14.0/nios2eds/bin/gnu/h-x86_64-mingw32/bin/../lib/gcc/nios2-elf/4.7.3/../../../../../H-x86_64-mingw32/nios2-elf/lib/mno-hw-mul\libc.a(lib_a-lseekr.o)
 .data          0x0000000000095970        0x0 c:/altera/14.0/nios2eds/bin/gnu/h-x86_64-mingw32/bin/../lib/gcc/nios2-elf/4.7.3/../../../../../H-x86_64-mingw32/nios2-elf/lib/mno-hw-mul\libc.a(lib_a-readr.o)
 .data          0x0000000000095970        0x0 c:/altera/14.0/nios2eds/bin/gnu/h-x86_64-mingw32/bin/../lib/gcc/nios2-elf/4.7.3/mno-hw-mul\libgcc.a(_udivdi3.o)
 .data          0x0000000000095970        0x0 c:/altera/14.0/nios2eds/bin/gnu/h-x86_64-mingw32/bin/../lib/gcc/nios2-elf/4.7.3/mno-hw-mul\libgcc.a(_umoddi3.o)
 .data          0x0000000000095970        0x0 c:/altera/14.0/nios2eds/bin/gnu/h-x86_64-mingw32/bin/../lib/gcc/nios2-elf/4.7.3/mno-hw-mul\libgcc.a(_addsub_df.o)
 .data          0x0000000000095970        0x0 c:/altera/14.0/nios2eds/bin/gnu/h-x86_64-mingw32/bin/../lib/gcc/nios2-elf/4.7.3/mno-hw-mul\libgcc.a(_mul_df.o)
 .data          0x0000000000095970        0x0 c:/altera/14.0/nios2eds/bin/gnu/h-x86_64-mingw32/bin/../lib/gcc/nios2-elf/4.7.3/mno-hw-mul\libgcc.a(_div_df.o)
 .data          0x0000000000095970        0x0 c:/altera/14.0/nios2eds/bin/gnu/h-x86_64-mingw32/bin/../lib/gcc/nios2-elf/4.7.3/mno-hw-mul\libgcc.a(_eq_df.o)
 .data          0x0000000000095970        0x0 c:/altera/14.0/nios2eds/bin/gnu/h-x86_64-mingw32/bin/../lib/gcc/nios2-elf/4.7.3/mno-hw-mul\libgcc.a(_ne_df.o)
 .data          0x0000000000095970        0x0 c:/altera/14.0/nios2eds/bin/gnu/h-x86_64-mingw32/bin/../lib/gcc/nios2-elf/4.7.3/mno-hw-mul\libgcc.a(_gt_df.o)
 .data          0x0000000000095970        0x0 c:/altera/14.0/nios2eds/bin/gnu/h-x86_64-mingw32/bin/../lib/gcc/nios2-elf/4.7.3/mno-hw-mul\libgcc.a(_ge_df.o)
 .data          0x0000000000095970        0x0 c:/altera/14.0/nios2eds/bin/gnu/h-x86_64-mingw32/bin/../lib/gcc/nios2-elf/4.7.3/mno-hw-mul\libgcc.a(_lt_df.o)
 .data          0x0000000000095970        0x0 c:/altera/14.0/nios2eds/bin/gnu/h-x86_64-mingw32/bin/../lib/gcc/nios2-elf/4.7.3/mno-hw-mul\libgcc.a(_si_to_df.o)
 .data          0x0000000000095970        0x0 c:/altera/14.0/nios2eds/bin/gnu/h-x86_64-mingw32/bin/../lib/gcc/nios2-elf/4.7.3/mno-hw-mul\libgcc.a(_df_to_si.o)
 .data          0x0000000000095970        0x0 c:/altera/14.0/nios2eds/bin/gnu/h-x86_64-mingw32/bin/../lib/gcc/nios2-elf/4.7.3/mno-hw-mul\libgcc.a(_thenan_df.o)
 .data          0x0000000000095970        0x0 c:/altera/14.0/nios2eds/bin/gnu/h-x86_64-mingw32/bin/../lib/gcc/nios2-elf/4.7.3/mno-hw-mul\libgcc.a(_usi_to_df.o)
 .data          0x0000000000095970        0x0 c:/altera/14.0/nios2eds/bin/gnu/h-x86_64-mingw32/bin/../lib/gcc/nios2-elf/4.7.3/mno-hw-mul\libgcc.a(lib2-divmod.o)
 .data          0x0000000000095970        0x0 c:/altera/14.0/nios2eds/bin/gnu/h-x86_64-mingw32/bin/../lib/gcc/nios2-elf/4.7.3/mno-hw-mul\libgcc.a(lib2-mul.o)
 .data          0x0000000000095970        0x0 c:/altera/14.0/nios2eds/bin/gnu/h-x86_64-mingw32/bin/../lib/gcc/nios2-elf/4.7.3/mno-hw-mul\libgcc.a(_muldi3.o)
 .data          0x0000000000095970        0x0 c:/altera/14.0/nios2eds/bin/gnu/h-x86_64-mingw32/bin/../lib/gcc/nios2-elf/4.7.3/mno-hw-mul\libgcc.a(_clz.o)
 .data          0x0000000000095970        0x0 c:/altera/14.0/nios2eds/bin/gnu/h-x86_64-mingw32/bin/../lib/gcc/nios2-elf/4.7.3/mno-hw-mul\libgcc.a(_clzsi2.o)
 .data          0x0000000000095970        0x0 c:/altera/14.0/nios2eds/bin/gnu/h-x86_64-mingw32/bin/../lib/gcc/nios2-elf/4.7.3/mno-hw-mul\libgcc.a(_pack_df.o)
 .data          0x0000000000095970        0x0 c:/altera/14.0/nios2eds/bin/gnu/h-x86_64-mingw32/bin/../lib/gcc/nios2-elf/4.7.3/mno-hw-mul\libgcc.a(_unpack_df.o)
 .data          0x0000000000095970        0x0 c:/altera/14.0/nios2eds/bin/gnu/h-x86_64-mingw32/bin/../lib/gcc/nios2-elf/4.7.3/mno-hw-mul\libgcc.a(_fpcmp_parts_df.o)
 .data          0x0000000000095970        0x0 c:/altera/14.0/nios2eds/bin/gnu/h-x86_64-mingw32/bin/../lib/gcc/nios2-elf/4.7.3/mno-hw-mul\libgcc.a(_lshrdi3.o)
 .data          0x0000000000095970        0x0 c:/altera/14.0/nios2eds/bin/gnu/h-x86_64-mingw32/bin/../lib/gcc/nios2-elf/4.7.3/mno-hw-mul\libgcc.a(_ashldi3.o)
 .data          0x0000000000095970        0x0 ../ControlUnit_bsp/\libucosii_bsp.a(alt_close.o)
 .data          0x0000000000095970      0x1a8 ../ControlUnit_bsp/\libucosii_bsp.a(alt_dev.o)
                0x0000000000095970                alt_dev_null
                0x0000000000095998                alt_fd_list
 .data          0x0000000000095b18        0x0 ../ControlUnit_bsp/\libucosii_bsp.a(alt_errno.o)
 .data          0x0000000000095b18        0x0 ../ControlUnit_bsp/\libucosii_bsp.a(alt_fstat.o)
 .data          0x0000000000095b18        0x0 ../ControlUnit_bsp/\libucosii_bsp.a(alt_iic.o)
 .data          0x0000000000095b18        0x0 ../ControlUnit_bsp/\libucosii_bsp.a(alt_iic_isr_register.o)
 .data          0x0000000000095b18        0x0 ../ControlUnit_bsp/\libucosii_bsp.a(alt_irq_entry.o)
 .data          0x0000000000095b18        0x0 ../ControlUnit_bsp/\libucosii_bsp.a(alt_irq_handler.o)
 .data          0x0000000000095b18        0x0 ../ControlUnit_bsp/\libucosii_bsp.a(alt_irq_vars.o)
 .data          0x0000000000095b18        0x0 ../ControlUnit_bsp/\libucosii_bsp.a(alt_isatty.o)
 .data          0x0000000000095b18        0x0 ../ControlUnit_bsp/\libucosii_bsp.a(alt_load.o)
 .data          0x0000000000095b18        0x0 ../ControlUnit_bsp/\libucosii_bsp.a(alt_lseek.o)
 .data          0x0000000000095b18        0x0 ../ControlUnit_bsp/\libucosii_bsp.a(alt_main.o)
 .data          0x0000000000095b18        0x0 ../ControlUnit_bsp/\libucosii_bsp.a(alt_read.o)
 .data          0x0000000000095b18        0x0 ../ControlUnit_bsp/\libucosii_bsp.a(alt_release_fd.o)
 .data          0x0000000000095b18        0x0 ../ControlUnit_bsp/\libucosii_bsp.a(alt_sbrk.o)
 .data          0x0000000000095b18        0x0 ../ControlUnit_bsp/\libucosii_bsp.a(alt_write.o)
 .data          0x0000000000095b18        0x0 ../ControlUnit_bsp/\libucosii_bsp.a(alt_env_lock.o)
 .data          0x0000000000095b18        0x0 ../ControlUnit_bsp/\libucosii_bsp.a(alt_malloc_lock.o)
 .data          0x0000000000095b18        0x0 ../ControlUnit_bsp/\libucosii_bsp.a(os_core.o)
 .data          0x0000000000095b18        0x0 ../ControlUnit_bsp/\libucosii_bsp.a(os_dbg.o)
 .data          0x0000000000095b18        0x0 ../ControlUnit_bsp/\libucosii_bsp.a(os_flag.o)
 .data          0x0000000000095b18        0x0 ../ControlUnit_bsp/\libucosii_bsp.a(os_mem.o)
 .data          0x0000000000095b18        0x0 ../ControlUnit_bsp/\libucosii_bsp.a(os_q.o)
 .data          0x0000000000095b18        0x0 ../ControlUnit_bsp/\libucosii_bsp.a(os_sem.o)
 .data          0x0000000000095b18        0x0 ../ControlUnit_bsp/\libucosii_bsp.a(os_task.o)
 .data          0x0000000000095b18        0x0 ../ControlUnit_bsp/\libucosii_bsp.a(os_time.o)
 .data          0x0000000000095b18     0x106c ../ControlUnit_bsp/\libucosii_bsp.a(alt_sys_init.o)
 .data          0x0000000000096b84        0x0 ../ControlUnit_bsp/\libucosii_bsp.a(altera_avalon_jtag_uart_fd.o)
 .data          0x0000000000096b84        0x0 ../ControlUnit_bsp/\libucosii_bsp.a(altera_avalon_jtag_uart_init.o)
 .data          0x0000000000096b84        0x0 ../ControlUnit_bsp/\libucosii_bsp.a(altera_avalon_jtag_uart_ioctl.o)
 .data          0x0000000000096b84        0x0 ../ControlUnit_bsp/\libucosii_bsp.a(altera_avalon_jtag_uart_read.o)
 .data          0x0000000000096b84        0x0 ../ControlUnit_bsp/\libucosii_bsp.a(altera_avalon_jtag_uart_write.o)
 .data          0x0000000000096b84        0x0 ../ControlUnit_bsp/\libucosii_bsp.a(altera_avalon_timer_sc.o)
 .data          0x0000000000096b84        0x0 ../ControlUnit_bsp/\libucosii_bsp.a(alt_alarm_start.o)
 .data          0x0000000000096b84        0x0 ../ControlUnit_bsp/\libucosii_bsp.a(alt_dcache_flush_all.o)
 .data          0x0000000000096b84        0x0 ../ControlUnit_bsp/\libucosii_bsp.a(alt_dev_llist_insert.o)
 .data          0x0000000000096b84        0x0 ../ControlUnit_bsp/\libucosii_bsp.a(alt_do_ctors.o)
 .data          0x0000000000096b84        0x0 ../ControlUnit_bsp/\libucosii_bsp.a(alt_do_dtors.o)
 .data          0x0000000000096b84        0x0 ../ControlUnit_bsp/\libucosii_bsp.a(alt_exception_entry.o)
 .data          0x0000000000096b84        0x0 ../ControlUnit_bsp/\libucosii_bsp.a(alt_icache_flush_all.o)
 .data          0x0000000000096b84        0x0 ../ControlUnit_bsp/\libucosii_bsp.a(alt_io_redirect.o)
 .data          0x0000000000096b84        0x0 ../ControlUnit_bsp/\libucosii_bsp.a(alt_open.o)
 .data          0x0000000000096b84        0x0 ../ControlUnit_bsp/\libucosii_bsp.a(alt_tick.o)
 .data          0x0000000000096b84        0x0 ../ControlUnit_bsp/\libucosii_bsp.a(altera_nios2_qsys_irq.o)
 .data          0x0000000000096b84        0x0 ../ControlUnit_bsp/\libucosii_bsp.a(os_cpu_a.o)
 .data          0x0000000000096b84        0x0 ../ControlUnit_bsp/\libucosii_bsp.a(os_cpu_c.o)
 .data          0x0000000000096b84        0x0 ../ControlUnit_bsp/\libucosii_bsp.a(alt_find_dev.o)
 .data          0x0000000000096b84        0x0 ../ControlUnit_bsp/\libucosii_bsp.a(alt_find_file.o)
 .data          0x0000000000096b84        0x0 ../ControlUnit_bsp/\libucosii_bsp.a(alt_get_fd.o)
 .data          0x0000000000096b84        0x0 c:/altera/14.0/nios2eds/bin/gnu/h-x86_64-mingw32/bin/../lib/gcc/nios2-elf/4.7.3/../../../../../H-x86_64-mingw32/nios2-elf/lib/mno-hw-mul\libc.a(lib_a-atexit.o)
 .data          0x0000000000096b84        0x0 c:/altera/14.0/nios2eds/bin/gnu/h-x86_64-mingw32/bin/../lib/gcc/nios2-elf/4.7.3/../../../../../H-x86_64-mingw32/nios2-elf/lib/mno-hw-mul\libc.a(lib_a-exit.o)
 .data          0x0000000000096b84        0x0 c:/altera/14.0/nios2eds/bin/gnu/h-x86_64-mingw32/bin/../lib/gcc/nios2-elf/4.7.3/../../../../../H-x86_64-mingw32/nios2-elf/lib/mno-hw-mul\libc.a(lib_a-memcmp.o)
 .data          0x0000000000096b84        0x0 c:/altera/14.0/nios2eds/bin/gnu/h-x86_64-mingw32/bin/../lib/gcc/nios2-elf/4.7.3/../../../../../H-x86_64-mingw32/nios2-elf/lib/mno-hw-mul\libc.a(lib_a-__atexit.o)
 .data          0x0000000000096b84        0x0 c:/altera/14.0/nios2eds/bin/gnu/h-x86_64-mingw32/bin/../lib/gcc/nios2-elf/4.7.3/../../../../../H-x86_64-mingw32/nios2-elf/lib/mno-hw-mul\libc.a(lib_a-__call_atexit.o)
 .data          0x0000000000096b84        0x0 ../ControlUnit_bsp/\libucosii_bsp.a(alt_exit.o)
                0x000000000009eb84                _gp = ABSOLUTE ((. + 0x8000))
                0x000000000009eb84                PROVIDE (gp, _gp)
 *(.rwdata .rwdata.*)
 *(.sdata .sdata.* .gnu.linkonce.s.*)
 .sdata         0x0000000000096b84        0x8 c:/altera/14.0/nios2eds/bin/gnu/h-x86_64-mingw32/bin/../lib/gcc/nios2-elf/4.7.3/../../../../../H-x86_64-mingw32/nios2-elf/lib/mno-hw-mul\libc.a(lib_a-impure.o)
                0x0000000000096b84                _global_impure_ptr
                0x0000000000096b88                _impure_ptr
 .sdata         0x0000000000096b8c        0x4 c:/altera/14.0/nios2eds/bin/gnu/h-x86_64-mingw32/bin/../lib/gcc/nios2-elf/4.7.3/../../../../../H-x86_64-mingw32/nios2-elf/lib/mno-hw-mul\libc.a(lib_a-locale.o)
                0x0000000000096b8c                __mb_cur_max
 .sdata         0x0000000000096b90        0x8 c:/altera/14.0/nios2eds/bin/gnu/h-x86_64-mingw32/bin/../lib/gcc/nios2-elf/4.7.3/../../../../../H-x86_64-mingw32/nios2-elf/lib/mno-hw-mul\libc.a(lib_a-mallocr.o)
                0x0000000000096b90                __malloc_sbrk_base
                0x0000000000096b94                __malloc_trim_threshold
 .sdata         0x0000000000096b98       0x14 ../ControlUnit_bsp/\libucosii_bsp.a(alt_dev.o)
                0x0000000000096b98                alt_fs_list
                0x0000000000096ba0                alt_dev_list
                0x0000000000096ba8                alt_max_fd
 .sdata         0x0000000000096bac        0x4 ../ControlUnit_bsp/\libucosii_bsp.a(alt_errno.o)
                0x0000000000096bac                alt_errno
 .sdata         0x0000000000096bb0        0x4 ../ControlUnit_bsp/\libucosii_bsp.a(alt_irq_vars.o)
                0x0000000000096bb0                alt_priority_mask
 .sdata         0x0000000000096bb4        0x4 ../ControlUnit_bsp/\libucosii_bsp.a(alt_sbrk.o)
 .sdata         0x0000000000096bb8        0x4 ../ControlUnit_bsp/\libucosii_bsp.a(alt_env_lock.o)
 .sdata         0x0000000000096bbc        0x4 ../ControlUnit_bsp/\libucosii_bsp.a(alt_malloc_lock.o)
 .sdata         0x0000000000096bc0       0x74 ../ControlUnit_bsp/\libucosii_bsp.a(os_dbg.o)
                0x0000000000096bc0                OSDebugEn
                0x0000000000096bc4                OSEndiannessTest
                0x0000000000096bc8                OSEventEn
                0x0000000000096bca                OSEventMax
                0x0000000000096bcc                OSEventNameSize
                0x0000000000096bce                OSEventSize
                0x0000000000096bd0                OSEventTblSize
                0x0000000000096bd2                OSEventMultiEn
                0x0000000000096bd4                OSFlagEn
                0x0000000000096bd6                OSFlagGrpSize
                0x0000000000096bd8                OSFlagNodeSize
                0x0000000000096bda                OSFlagWidth
                0x0000000000096bdc                OSFlagMax
                0x0000000000096bde                OSFlagNameSize
                0x0000000000096be0                OSLowestPrio
                0x0000000000096be2                OSMboxEn
                0x0000000000096be4                OSMemEn
                0x0000000000096be6                OSMemMax
                0x0000000000096be8                OSMemNameSize
                0x0000000000096bea                OSMemSize
                0x0000000000096bec                OSMemTblSize
                0x0000000000096bee                OSMutexEn
                0x0000000000096bf0                OSPtrSize
                0x0000000000096bf2                OSQEn
                0x0000000000096bf4                OSQMax
                0x0000000000096bf6                OSQSize
                0x0000000000096bf8                OSRdyTblSize
                0x0000000000096bfa                OSSemEn
                0x0000000000096bfc                OSStkWidth
                0x0000000000096bfe                OSTaskCreateEn
                0x0000000000096c00                OSTaskCreateExtEn
                0x0000000000096c02                OSTaskDelEn
                0x0000000000096c04                OSTaskIdleStkSize
                0x0000000000096c06                OSTaskProfileEn
                0x0000000000096c08                OSTaskMax
                0x0000000000096c0a                OSTaskNameSize
                0x0000000000096c0c                OSTaskStatEn
                0x0000000000096c0e                OSTaskStatStkSize
                0x0000000000096c10                OSTaskStatStkChkEn
                0x0000000000096c12                OSTaskSwHookEn
                0x0000000000096c14                OSTCBPrioTblMax
                0x0000000000096c16                OSTCBSize
                0x0000000000096c18                OSTicksPerSec
                0x0000000000096c1a                OSTimeTickHookEn
                0x0000000000096c1c                OSVersionNbr
                0x0000000000096c1e                OSTmrEn
                0x0000000000096c20                OSTmrCfgMax
                0x0000000000096c22                OSTmrCfgNameSize
                0x0000000000096c24                OSTmrCfgWheelSize
                0x0000000000096c26                OSTmrCfgTicksPerSec
                0x0000000000096c28                OSTmrSize
                0x0000000000096c2a                OSTmrTblSize
                0x0000000000096c2c                OSTmrWheelSize
                0x0000000000096c2e                OSTmrWheelTblSize
                0x0000000000096c30                OSDataSize
 .sdata         0x0000000000096c34        0x8 ../ControlUnit_bsp/\libucosii_bsp.a(alt_tick.o)
                0x0000000000096c34                alt_alarm_list
 *(.sdata2 .sdata2.* .gnu.linkonce.s2.*)
                0x0000000000096c3c                . = ALIGN (0x4)
                0x0000000000096c3c                _edata = ABSOLUTE (.)
                0x0000000000096c3c                PROVIDE (edata, ABSOLUTE (.))
                0x0000000000096c3c                PROVIDE (__ram_rwdata_end, ABSOLUTE (.))
                0x0000000000096c3c                PROVIDE (__flash_rwdata_start, LOADADDR (.rwdata))

.bss            0x000000000009871c     0x757c
                0x000000000009871c                __bss_start = ABSOLUTE (.)
                0x000000000009871c                PROVIDE (__sbss_start, ABSOLUTE (.))
                0x000000000009871c                PROVIDE (___sbss_start, ABSOLUTE (.))
 *(.dynsbss)
 *(.sbss .sbss.* .gnu.linkonce.sb.*)
 .sbss          0x000000000009871c        0x8 obj/default/main.o
                0x000000000009871c                KeyEvents
                0x0000000000098720                ISRcontext
 .sbss          0x0000000000098724        0xc c:/altera/14.0/nios2eds/bin/gnu/h-x86_64-mingw32/bin/../lib/gcc/nios2-elf/4.7.3/../../../../../H-x86_64-mingw32/nios2-elf/lib/mno-hw-mul\libc.a(lib_a-locale.o)
                0x0000000000098724                _PathLocale
                0x0000000000098728                __mlocale_changed
                0x000000000009872c                __nlocale_changed
 .sbss          0x0000000000098730        0xc c:/altera/14.0/nios2eds/bin/gnu/h-x86_64-mingw32/bin/../lib/gcc/nios2-elf/4.7.3/../../../../../H-x86_64-mingw32/nios2-elf/lib/mno-hw-mul\libc.a(lib_a-mallocr.o)
                0x0000000000098730                __malloc_max_total_mem
                0x0000000000098734                __malloc_max_sbrked_mem
                0x0000000000098738                __malloc_top_pad
 .sbss          0x000000000009873c        0x4 c:/altera/14.0/nios2eds/bin/gnu/h-x86_64-mingw32/bin/../lib/gcc/nios2-elf/4.7.3/../../../../../H-x86_64-mingw32/nios2-elf/lib/mno-hw-mul\libc.a(lib_a-int_errno.o)
                0x000000000009873c                errno
 .sbss          0x0000000000098740        0x4 ../ControlUnit_bsp/\libucosii_bsp.a(alt_dev.o)
                0x0000000000098740                alt_fd_list_lock
 .sbss          0x0000000000098744        0x4 ../ControlUnit_bsp/\libucosii_bsp.a(alt_irq_vars.o)
                0x0000000000098744                alt_irq_active
 .sbss          0x0000000000098748        0xc ../ControlUnit_bsp/\libucosii_bsp.a(alt_main.o)
                0x0000000000098748                alt_argc
                0x000000000009874c                alt_argv
                0x0000000000098750                alt_envp
 .sbss          0x0000000000098754        0x8 ../ControlUnit_bsp/\libucosii_bsp.a(alt_env_lock.o)
                0x0000000000098758                alt_envsem
 .sbss          0x000000000009875c        0x8 ../ControlUnit_bsp/\libucosii_bsp.a(alt_malloc_lock.o)
                0x0000000000098760                alt_heapsem
 .sbss          0x0000000000098764       0x50 ../ControlUnit_bsp/\libucosii_bsp.a(os_core.o)
                0x0000000000098764                OSLockNesting
                0x0000000000098765                OSRunning
                0x0000000000098768                OSIdleCtr
                0x000000000009876c                OSPrioHighRdy
                0x000000000009876d                OSPrioCur
                0x0000000000098770                OSTCBList
                0x0000000000098774                OSTickStepState
                0x0000000000098778                OSCtxSwCtr
                0x000000000009877c                OSIdleCtrMax
                0x0000000000098780                OSTCBFreeList
                0x0000000000098784                OSCPUUsage
                0x0000000000098785                OSTaskCtr
                0x0000000000098788                OSMemFreeList
                0x000000000009878c                OSTCBHighRdy
                0x0000000000098790                OSQFreeList
                0x0000000000098794                OSRdyGrp
                0x0000000000098795                OSRdyTbl
                0x0000000000098798                OSEventFreeList
                0x000000000009879c                OSIntNesting
                0x00000000000987a0                OSTCBCur
                0x00000000000987a4                OSTime
                0x00000000000987a8                OSFlagFreeList
                0x00000000000987ac                OSStatRdy
                0x00000000000987b0                OSIdleCtrRun
 .sbss          0x00000000000987b4        0x8 ../ControlUnit_bsp/\libucosii_bsp.a(alt_tick.o)
                0x00000000000987b4                _alt_tick_rate
                0x00000000000987b8                _alt_nticks
 *(.sbss2 .sbss2.* .gnu.linkonce.sb2.*)
 *(.scommon)
                0x00000000000987bc                PROVIDE (__sbss_end, ABSOLUTE (.))
                0x00000000000987bc                PROVIDE (___sbss_end, ABSOLUTE (.))
 *(.dynbss)
 *(.bss .bss.* .gnu.linkonce.b.*)
 .bss           0x00000000000987bc        0x0 ../ControlUnit_bsp//obj/HAL/src/crt0.o
 .bss           0x00000000000987bc        0x0 obj/default/main.o
 .bss           0x00000000000987bc        0x0 obj/default/switchesIRQhandler.o
 .bss           0x00000000000987bc        0x0 c:/altera/14.0/nios2eds/bin/gnu/h-x86_64-mingw32/bin/../lib/gcc/nios2-elf/4.7.3/../../../../../H-x86_64-mingw32/nios2-elf/lib/mno-hw-mul\libc.a(lib_a-printf.o)
 .bss           0x00000000000987bc        0x0 c:/altera/14.0/nios2eds/bin/gnu/h-x86_64-mingw32/bin/../lib/gcc/nios2-elf/4.7.3/../../../../../H-x86_64-mingw32/nios2-elf/lib/mno-hw-mul\libc.a(lib_a-puts.o)
 .bss           0x00000000000987bc        0x0 c:/altera/14.0/nios2eds/bin/gnu/h-x86_64-mingw32/bin/../lib/gcc/nios2-elf/4.7.3/../../../../../H-x86_64-mingw32/nios2-elf/lib/mno-hw-mul\libc.a(lib_a-strlen.o)
 .bss           0x00000000000987bc        0x0 c:/altera/14.0/nios2eds/bin/gnu/h-x86_64-mingw32/bin/../lib/gcc/nios2-elf/4.7.3/../../../../../H-x86_64-mingw32/nios2-elf/lib/mno-hw-mul\libc.a(lib_a-vfprintf.o)
 .bss           0x00000000000987bc        0x0 c:/altera/14.0/nios2eds/bin/gnu/h-x86_64-mingw32/bin/../lib/gcc/nios2-elf/4.7.3/../../../../../H-x86_64-mingw32/nios2-elf/lib/mno-hw-mul\libc.a(lib_a-wsetup.o)
 .bss           0x00000000000987bc        0x0 c:/altera/14.0/nios2eds/bin/gnu/h-x86_64-mingw32/bin/../lib/gcc/nios2-elf/4.7.3/../../../../../H-x86_64-mingw32/nios2-elf/lib/mno-hw-mul\libc.a(lib_a-dtoa.o)
 .bss           0x00000000000987bc        0x0 c:/altera/14.0/nios2eds/bin/gnu/h-x86_64-mingw32/bin/../lib/gcc/nios2-elf/4.7.3/../../../../../H-x86_64-mingw32/nios2-elf/lib/mno-hw-mul\libc.a(lib_a-fflush.o)
 .bss           0x00000000000987bc        0x0 c:/altera/14.0/nios2eds/bin/gnu/h-x86_64-mingw32/bin/../lib/gcc/nios2-elf/4.7.3/../../../../../H-x86_64-mingw32/nios2-elf/lib/mno-hw-mul\libc.a(lib_a-findfp.o)
 .bss           0x00000000000987bc        0x0 c:/altera/14.0/nios2eds/bin/gnu/h-x86_64-mingw32/bin/../lib/gcc/nios2-elf/4.7.3/../../../../../H-x86_64-mingw32/nios2-elf/lib/mno-hw-mul\libc.a(lib_a-freer.o)
 .bss           0x00000000000987bc        0x0 c:/altera/14.0/nios2eds/bin/gnu/h-x86_64-mingw32/bin/../lib/gcc/nios2-elf/4.7.3/../../../../../H-x86_64-mingw32/nios2-elf/lib/mno-hw-mul\libc.a(lib_a-fvwrite.o)
 .bss           0x00000000000987bc        0x0 c:/altera/14.0/nios2eds/bin/gnu/h-x86_64-mingw32/bin/../lib/gcc/nios2-elf/4.7.3/../../../../../H-x86_64-mingw32/nios2-elf/lib/mno-hw-mul\libc.a(lib_a-fwalk.o)
 .bss           0x00000000000987bc        0x0 c:/altera/14.0/nios2eds/bin/gnu/h-x86_64-mingw32/bin/../lib/gcc/nios2-elf/4.7.3/../../../../../H-x86_64-mingw32/nios2-elf/lib/mno-hw-mul\libc.a(lib_a-impure.o)
 .bss           0x00000000000987bc        0x0 c:/altera/14.0/nios2eds/bin/gnu/h-x86_64-mingw32/bin/../lib/gcc/nios2-elf/4.7.3/../../../../../H-x86_64-mingw32/nios2-elf/lib/mno-hw-mul\libc.a(lib_a-locale.o)
 .bss           0x00000000000987bc        0x0 c:/altera/14.0/nios2eds/bin/gnu/h-x86_64-mingw32/bin/../lib/gcc/nios2-elf/4.7.3/../../../../../H-x86_64-mingw32/nios2-elf/lib/mno-hw-mul\libc.a(lib_a-makebuf.o)
 .bss           0x00000000000987bc       0x28 c:/altera/14.0/nios2eds/bin/gnu/h-x86_64-mingw32/bin/../lib/gcc/nios2-elf/4.7.3/../../../../../H-x86_64-mingw32/nios2-elf/lib/mno-hw-mul\libc.a(lib_a-mallocr.o)
                0x00000000000987bc                __malloc_current_mallinfo
 .bss           0x00000000000987e4        0x0 c:/altera/14.0/nios2eds/bin/gnu/h-x86_64-mingw32/bin/../lib/gcc/nios2-elf/4.7.3/../../../../../H-x86_64-mingw32/nios2-elf/lib/mno-hw-mul\libc.a(lib_a-memchr.o)
 .bss           0x00000000000987e4        0x0 c:/altera/14.0/nios2eds/bin/gnu/h-x86_64-mingw32/bin/../lib/gcc/nios2-elf/4.7.3/../../../../../H-x86_64-mingw32/nios2-elf/lib/mno-hw-mul\libc.a(lib_a-memcpy.o)
 .bss           0x00000000000987e4        0x0 c:/altera/14.0/nios2eds/bin/gnu/h-x86_64-mingw32/bin/../lib/gcc/nios2-elf/4.7.3/../../../../../H-x86_64-mingw32/nios2-elf/lib/mno-hw-mul\libc.a(lib_a-memmove.o)
 .bss           0x00000000000987e4        0x0 c:/altera/14.0/nios2eds/bin/gnu/h-x86_64-mingw32/bin/../lib/gcc/nios2-elf/4.7.3/../../../../../H-x86_64-mingw32/nios2-elf/lib/mno-hw-mul\libc.a(lib_a-memset.o)
 .bss           0x00000000000987e4        0x0 c:/altera/14.0/nios2eds/bin/gnu/h-x86_64-mingw32/bin/../lib/gcc/nios2-elf/4.7.3/../../../../../H-x86_64-mingw32/nios2-elf/lib/mno-hw-mul\libc.a(lib_a-mprec.o)
 .bss           0x00000000000987e4        0x0 c:/altera/14.0/nios2eds/bin/gnu/h-x86_64-mingw32/bin/../lib/gcc/nios2-elf/4.7.3/../../../../../H-x86_64-mingw32/nios2-elf/lib/mno-hw-mul\libc.a(lib_a-reallocr.o)
 .bss           0x00000000000987e4        0x0 c:/altera/14.0/nios2eds/bin/gnu/h-x86_64-mingw32/bin/../lib/gcc/nios2-elf/4.7.3/../../../../../H-x86_64-mingw32/nios2-elf/lib/mno-hw-mul\libc.a(lib_a-s_isinfd.o)
 .bss           0x00000000000987e4        0x0 c:/altera/14.0/nios2eds/bin/gnu/h-x86_64-mingw32/bin/../lib/gcc/nios2-elf/4.7.3/../../../../../H-x86_64-mingw32/nios2-elf/lib/mno-hw-mul\libc.a(lib_a-s_isnand.o)
 .bss           0x00000000000987e4        0x0 c:/altera/14.0/nios2eds/bin/gnu/h-x86_64-mingw32/bin/../lib/gcc/nios2-elf/4.7.3/../../../../../H-x86_64-mingw32/nios2-elf/lib/mno-hw-mul\libc.a(lib_a-sbrkr.o)
 .bss           0x00000000000987e4        0x0 c:/altera/14.0/nios2eds/bin/gnu/h-x86_64-mingw32/bin/../lib/gcc/nios2-elf/4.7.3/../../../../../H-x86_64-mingw32/nios2-elf/lib/mno-hw-mul\libc.a(lib_a-stdio.o)
 .bss           0x00000000000987e4        0x0 c:/altera/14.0/nios2eds/bin/gnu/h-x86_64-mingw32/bin/../lib/gcc/nios2-elf/4.7.3/../../../../../H-x86_64-mingw32/nios2-elf/lib/mno-hw-mul\libc.a(lib_a-strcmp.o)
 .bss           0x00000000000987e4        0x0 c:/altera/14.0/nios2eds/bin/gnu/h-x86_64-mingw32/bin/../lib/gcc/nios2-elf/4.7.3/../../../../../H-x86_64-mingw32/nios2-elf/lib/mno-hw-mul\libc.a(lib_a-writer.o)
 .bss           0x00000000000987e4        0x0 c:/altera/14.0/nios2eds/bin/gnu/h-x86_64-mingw32/bin/../lib/gcc/nios2-elf/4.7.3/../../../../../H-x86_64-mingw32/nios2-elf/lib/mno-hw-mul\libc.a(lib_a-callocr.o)
 .bss           0x00000000000987e4        0x0 c:/altera/14.0/nios2eds/bin/gnu/h-x86_64-mingw32/bin/../lib/gcc/nios2-elf/4.7.3/../../../../../H-x86_64-mingw32/nios2-elf/lib/mno-hw-mul\libc.a(lib_a-closer.o)
 .bss           0x00000000000987e4        0x0 c:/altera/14.0/nios2eds/bin/gnu/h-x86_64-mingw32/bin/../lib/gcc/nios2-elf/4.7.3/../../../../../H-x86_64-mingw32/nios2-elf/lib/mno-hw-mul\libc.a(lib_a-fclose.o)
 .bss           0x00000000000987e4        0x0 c:/altera/14.0/nios2eds/bin/gnu/h-x86_64-mingw32/bin/../lib/gcc/nios2-elf/4.7.3/../../../../../H-x86_64-mingw32/nios2-elf/lib/mno-hw-mul\libc.a(lib_a-fstatr.o)
 .bss           0x00000000000987e4        0x0 c:/altera/14.0/nios2eds/bin/gnu/h-x86_64-mingw32/bin/../lib/gcc/nios2-elf/4.7.3/../../../../../H-x86_64-mingw32/nios2-elf/lib/mno-hw-mul\libc.a(lib_a-int_errno.o)
 .bss           0x00000000000987e4        0x0 c:/altera/14.0/nios2eds/bin/gnu/h-x86_64-mingw32/bin/../lib/gcc/nios2-elf/4.7.3/../../../../../H-x86_64-mingw32/nios2-elf/lib/mno-hw-mul\libc.a(lib_a-isattyr.o)
 .bss           0x00000000000987e4        0x0 c:/altera/14.0/nios2eds/bin/gnu/h-x86_64-mingw32/bin/../lib/gcc/nios2-elf/4.7.3/../../../../../H-x86_64-mingw32/nios2-elf/lib/mno-hw-mul\libc.a(lib_a-lseekr.o)
 .bss           0x00000000000987e4        0x0 c:/altera/14.0/nios2eds/bin/gnu/h-x86_64-mingw32/bin/../lib/gcc/nios2-elf/4.7.3/../../../../../H-x86_64-mingw32/nios2-elf/lib/mno-hw-mul\libc.a(lib_a-readr.o)
 .bss           0x00000000000987e4        0x0 c:/altera/14.0/nios2eds/bin/gnu/h-x86_64-mingw32/bin/../lib/gcc/nios2-elf/4.7.3/mno-hw-mul\libgcc.a(_udivdi3.o)
 .bss           0x00000000000987e4        0x0 c:/altera/14.0/nios2eds/bin/gnu/h-x86_64-mingw32/bin/../lib/gcc/nios2-elf/4.7.3/mno-hw-mul\libgcc.a(_umoddi3.o)
 .bss           0x00000000000987e4        0x0 c:/altera/14.0/nios2eds/bin/gnu/h-x86_64-mingw32/bin/../lib/gcc/nios2-elf/4.7.3/mno-hw-mul\libgcc.a(_addsub_df.o)
 .bss           0x00000000000987e4        0x0 c:/altera/14.0/nios2eds/bin/gnu/h-x86_64-mingw32/bin/../lib/gcc/nios2-elf/4.7.3/mno-hw-mul\libgcc.a(_mul_df.o)
 .bss           0x00000000000987e4        0x0 c:/altera/14.0/nios2eds/bin/gnu/h-x86_64-mingw32/bin/../lib/gcc/nios2-elf/4.7.3/mno-hw-mul\libgcc.a(_div_df.o)
 .bss           0x00000000000987e4        0x0 c:/altera/14.0/nios2eds/bin/gnu/h-x86_64-mingw32/bin/../lib/gcc/nios2-elf/4.7.3/mno-hw-mul\libgcc.a(_eq_df.o)
 .bss           0x00000000000987e4        0x0 c:/altera/14.0/nios2eds/bin/gnu/h-x86_64-mingw32/bin/../lib/gcc/nios2-elf/4.7.3/mno-hw-mul\libgcc.a(_ne_df.o)
 .bss           0x00000000000987e4        0x0 c:/altera/14.0/nios2eds/bin/gnu/h-x86_64-mingw32/bin/../lib/gcc/nios2-elf/4.7.3/mno-hw-mul\libgcc.a(_gt_df.o)
 .bss           0x00000000000987e4        0x0 c:/altera/14.0/nios2eds/bin/gnu/h-x86_64-mingw32/bin/../lib/gcc/nios2-elf/4.7.3/mno-hw-mul\libgcc.a(_ge_df.o)
 .bss           0x00000000000987e4        0x0 c:/altera/14.0/nios2eds/bin/gnu/h-x86_64-mingw32/bin/../lib/gcc/nios2-elf/4.7.3/mno-hw-mul\libgcc.a(_lt_df.o)
 .bss           0x00000000000987e4        0x0 c:/altera/14.0/nios2eds/bin/gnu/h-x86_64-mingw32/bin/../lib/gcc/nios2-elf/4.7.3/mno-hw-mul\libgcc.a(_si_to_df.o)
 .bss           0x00000000000987e4        0x0 c:/altera/14.0/nios2eds/bin/gnu/h-x86_64-mingw32/bin/../lib/gcc/nios2-elf/4.7.3/mno-hw-mul\libgcc.a(_df_to_si.o)
 .bss           0x00000000000987e4        0x0 c:/altera/14.0/nios2eds/bin/gnu/h-x86_64-mingw32/bin/../lib/gcc/nios2-elf/4.7.3/mno-hw-mul\libgcc.a(_thenan_df.o)
 .bss           0x00000000000987e4        0x0 c:/altera/14.0/nios2eds/bin/gnu/h-x86_64-mingw32/bin/../lib/gcc/nios2-elf/4.7.3/mno-hw-mul\libgcc.a(_usi_to_df.o)
 .bss           0x00000000000987e4        0x0 c:/altera/14.0/nios2eds/bin/gnu/h-x86_64-mingw32/bin/../lib/gcc/nios2-elf/4.7.3/mno-hw-mul\libgcc.a(lib2-divmod.o)
 .bss           0x00000000000987e4        0x0 c:/altera/14.0/nios2eds/bin/gnu/h-x86_64-mingw32/bin/../lib/gcc/nios2-elf/4.7.3/mno-hw-mul\libgcc.a(lib2-mul.o)
 .bss           0x00000000000987e4        0x0 c:/altera/14.0/nios2eds/bin/gnu/h-x86_64-mingw32/bin/../lib/gcc/nios2-elf/4.7.3/mno-hw-mul\libgcc.a(_muldi3.o)
 .bss           0x00000000000987e4        0x0 c:/altera/14.0/nios2eds/bin/gnu/h-x86_64-mingw32/bin/../lib/gcc/nios2-elf/4.7.3/mno-hw-mul\libgcc.a(_clz.o)
 .bss           0x00000000000987e4        0x0 c:/altera/14.0/nios2eds/bin/gnu/h-x86_64-mingw32/bin/../lib/gcc/nios2-elf/4.7.3/mno-hw-mul\libgcc.a(_clzsi2.o)
 .bss           0x00000000000987e4        0x0 c:/altera/14.0/nios2eds/bin/gnu/h-x86_64-mingw32/bin/../lib/gcc/nios2-elf/4.7.3/mno-hw-mul\libgcc.a(_pack_df.o)
 .bss           0x00000000000987e4        0x0 c:/altera/14.0/nios2eds/bin/gnu/h-x86_64-mingw32/bin/../lib/gcc/nios2-elf/4.7.3/mno-hw-mul\libgcc.a(_unpack_df.o)
 .bss           0x00000000000987e4        0x0 c:/altera/14.0/nios2eds/bin/gnu/h-x86_64-mingw32/bin/../lib/gcc/nios2-elf/4.7.3/mno-hw-mul\libgcc.a(_fpcmp_parts_df.o)
 .bss           0x00000000000987e4        0x0 c:/altera/14.0/nios2eds/bin/gnu/h-x86_64-mingw32/bin/../lib/gcc/nios2-elf/4.7.3/mno-hw-mul\libgcc.a(_lshrdi3.o)
 .bss           0x00000000000987e4        0x0 c:/altera/14.0/nios2eds/bin/gnu/h-x86_64-mingw32/bin/../lib/gcc/nios2-elf/4.7.3/mno-hw-mul\libgcc.a(_ashldi3.o)
 .bss           0x00000000000987e4        0x0 ../ControlUnit_bsp/\libucosii_bsp.a(alt_close.o)
 .bss           0x00000000000987e4        0x0 ../ControlUnit_bsp/\libucosii_bsp.a(alt_dev.o)
 .bss           0x00000000000987e4        0x0 ../ControlUnit_bsp/\libucosii_bsp.a(alt_errno.o)
 .bss           0x00000000000987e4        0x0 ../ControlUnit_bsp/\libucosii_bsp.a(alt_fstat.o)
 .bss           0x00000000000987e4        0x0 ../ControlUnit_bsp/\libucosii_bsp.a(alt_iic.o)
 .bss           0x00000000000987e4        0x0 ../ControlUnit_bsp/\libucosii_bsp.a(alt_iic_isr_register.o)
 .bss           0x00000000000987e4        0x0 ../ControlUnit_bsp/\libucosii_bsp.a(alt_irq_entry.o)
 .bss           0x00000000000987e4        0x0 ../ControlUnit_bsp/\libucosii_bsp.a(alt_irq_handler.o)
 .bss           0x00000000000987e4        0x0 ../ControlUnit_bsp/\libucosii_bsp.a(alt_irq_vars.o)
 .bss           0x00000000000987e4        0x0 ../ControlUnit_bsp/\libucosii_bsp.a(alt_isatty.o)
 .bss           0x00000000000987e4        0x0 ../ControlUnit_bsp/\libucosii_bsp.a(alt_load.o)
 .bss           0x00000000000987e4        0x0 ../ControlUnit_bsp/\libucosii_bsp.a(alt_lseek.o)
 .bss           0x00000000000987e4        0x0 ../ControlUnit_bsp/\libucosii_bsp.a(alt_main.o)
 .bss           0x00000000000987e4        0x0 ../ControlUnit_bsp/\libucosii_bsp.a(alt_read.o)
 .bss           0x00000000000987e4        0x0 ../ControlUnit_bsp/\libucosii_bsp.a(alt_release_fd.o)
 .bss           0x00000000000987e4        0x0 ../ControlUnit_bsp/\libucosii_bsp.a(alt_sbrk.o)
 .bss           0x00000000000987e4        0x0 ../ControlUnit_bsp/\libucosii_bsp.a(alt_write.o)
 .bss           0x00000000000987e4        0x0 ../ControlUnit_bsp/\libucosii_bsp.a(alt_env_lock.o)
 .bss           0x00000000000987e4        0x0 ../ControlUnit_bsp/\libucosii_bsp.a(alt_malloc_lock.o)
 .bss           0x00000000000987e4        0x0 ../ControlUnit_bsp/\libucosii_bsp.a(os_core.o)
 .bss           0x00000000000987e4        0x0 ../ControlUnit_bsp/\libucosii_bsp.a(os_dbg.o)
 .bss           0x00000000000987e4        0x0 ../ControlUnit_bsp/\libucosii_bsp.a(os_flag.o)
 .bss           0x00000000000987e4        0x0 ../ControlUnit_bsp/\libucosii_bsp.a(os_mem.o)
 .bss           0x00000000000987e4        0x0 ../ControlUnit_bsp/\libucosii_bsp.a(os_q.o)
 .bss           0x00000000000987e4        0x0 ../ControlUnit_bsp/\libucosii_bsp.a(os_sem.o)
 .bss           0x00000000000987e4        0x0 ../ControlUnit_bsp/\libucosii_bsp.a(os_task.o)
 .bss           0x00000000000987e4        0x0 ../ControlUnit_bsp/\libucosii_bsp.a(os_time.o)
 .bss           0x00000000000987e4        0x0 ../ControlUnit_bsp/\libucosii_bsp.a(alt_sys_init.o)
 .bss           0x00000000000987e4        0x0 ../ControlUnit_bsp/\libucosii_bsp.a(altera_avalon_jtag_uart_fd.o)
 .bss           0x00000000000987e4        0x0 ../ControlUnit_bsp/\libucosii_bsp.a(altera_avalon_jtag_uart_init.o)
 .bss           0x00000000000987e4        0x0 ../ControlUnit_bsp/\libucosii_bsp.a(altera_avalon_jtag_uart_ioctl.o)
 .bss           0x00000000000987e4        0x0 ../ControlUnit_bsp/\libucosii_bsp.a(altera_avalon_jtag_uart_read.o)
 .bss           0x00000000000987e4        0x0 ../ControlUnit_bsp/\libucosii_bsp.a(altera_avalon_jtag_uart_write.o)
 .bss           0x00000000000987e4        0x0 ../ControlUnit_bsp/\libucosii_bsp.a(altera_avalon_timer_sc.o)
 .bss           0x00000000000987e4        0x0 ../ControlUnit_bsp/\libucosii_bsp.a(alt_alarm_start.o)
 .bss           0x00000000000987e4        0x0 ../ControlUnit_bsp/\libucosii_bsp.a(alt_dcache_flush_all.o)
 .bss           0x00000000000987e4        0x0 ../ControlUnit_bsp/\libucosii_bsp.a(alt_dev_llist_insert.o)
 .bss           0x00000000000987e4        0x0 ../ControlUnit_bsp/\libucosii_bsp.a(alt_do_ctors.o)
 .bss           0x00000000000987e4        0x0 ../ControlUnit_bsp/\libucosii_bsp.a(alt_do_dtors.o)
 .bss           0x00000000000987e4        0x0 ../ControlUnit_bsp/\libucosii_bsp.a(alt_exception_entry.o)
 .bss           0x00000000000987e4        0x0 ../ControlUnit_bsp/\libucosii_bsp.a(alt_icache_flush_all.o)
 .bss           0x00000000000987e4        0x0 ../ControlUnit_bsp/\libucosii_bsp.a(alt_io_redirect.o)
 .bss           0x00000000000987e4        0x0 ../ControlUnit_bsp/\libucosii_bsp.a(alt_open.o)
 .bss           0x00000000000987e4        0x0 ../ControlUnit_bsp/\libucosii_bsp.a(alt_tick.o)
 .bss           0x00000000000987e4        0x0 ../ControlUnit_bsp/\libucosii_bsp.a(altera_nios2_qsys_irq.o)
 .bss           0x00000000000987e4        0x0 ../ControlUnit_bsp/\libucosii_bsp.a(os_cpu_a.o)
 .bss           0x00000000000987e4        0x0 ../ControlUnit_bsp/\libucosii_bsp.a(os_cpu_c.o)
 .bss           0x00000000000987e4        0x0 ../ControlUnit_bsp/\libucosii_bsp.a(alt_find_dev.o)
 .bss           0x00000000000987e4        0x0 ../ControlUnit_bsp/\libucosii_bsp.a(alt_find_file.o)
 .bss           0x00000000000987e4        0x0 ../ControlUnit_bsp/\libucosii_bsp.a(alt_get_fd.o)
 .bss           0x00000000000987e4        0x0 c:/altera/14.0/nios2eds/bin/gnu/h-x86_64-mingw32/bin/../lib/gcc/nios2-elf/4.7.3/../../../../../H-x86_64-mingw32/nios2-elf/lib/mno-hw-mul\libc.a(lib_a-atexit.o)
 .bss           0x00000000000987e4        0x0 c:/altera/14.0/nios2eds/bin/gnu/h-x86_64-mingw32/bin/../lib/gcc/nios2-elf/4.7.3/../../../../../H-x86_64-mingw32/nios2-elf/lib/mno-hw-mul\libc.a(lib_a-exit.o)
 .bss           0x00000000000987e4        0x0 c:/altera/14.0/nios2eds/bin/gnu/h-x86_64-mingw32/bin/../lib/gcc/nios2-elf/4.7.3/../../../../../H-x86_64-mingw32/nios2-elf/lib/mno-hw-mul\libc.a(lib_a-memcmp.o)
 .bss           0x00000000000987e4        0x0 c:/altera/14.0/nios2eds/bin/gnu/h-x86_64-mingw32/bin/../lib/gcc/nios2-elf/4.7.3/../../../../../H-x86_64-mingw32/nios2-elf/lib/mno-hw-mul\libc.a(lib_a-__atexit.o)
 .bss           0x00000000000987e4        0x0 c:/altera/14.0/nios2eds/bin/gnu/h-x86_64-mingw32/bin/../lib/gcc/nios2-elf/4.7.3/../../../../../H-x86_64-mingw32/nios2-elf/lib/mno-hw-mul\libc.a(lib_a-__call_atexit.o)
 .bss           0x00000000000987e4        0x0 ../ControlUnit_bsp/\libucosii_bsp.a(alt_exit.o)
 *(COMMON)
 COMMON         0x00000000000987e4     0x4000 obj/default/main.o
                0x00000000000987e4                GreenLedtask_stk
                0x000000000009a7e4                RedLedtask_stk
 COMMON         0x000000000009c7e4      0x100 ../ControlUnit_bsp/\libucosii_bsp.a(alt_irq_handler.o)
                0x000000000009c7e4                alt_irq
 COMMON         0x000000000009c8e4     0x3224 ../ControlUnit_bsp/\libucosii_bsp.a(os_core.o)
                0x000000000009c8e4                OSFlagTbl
                0x000000000009cc54                OSMemTbl
                0x000000000009d884                OSTaskStatStk
                0x000000000009e084                OSQTbl
                0x000000000009e264                OSTaskIdleStk
                0x000000000009ea64                OSEventTbl
                0x000000000009f5a4                OSTCBTbl
                0x000000000009fab4                OSTCBPrioTbl
 COMMON         0x000000000009fb08      0x190 c:/altera/14.0/nios2eds/bin/gnu/h-x86_64-mingw32/bin/../lib/gcc/nios2-elf/4.7.3/../../../../../H-x86_64-mingw32/nios2-elf/lib/mno-hw-mul\libc.a(lib_a-atexit.o)
                0x000000000009fb08                _atexit0
                0x000000000009fc98                . = ALIGN (0x4)
                0x000000000009fc98                __bss_end = ABSOLUTE (.)

.SRAM_CVGX      0x000000000009fc98        0x0
                0x000000000009fc98                PROVIDE (_alt_partition_SRAM_CVGX_start, ABSOLUTE (.))
 *(.SRAM_CVGX .SRAM_CVGX. SRAM_CVGX.*)
                0x000000000009fc98                . = ALIGN (0x4)
                0x000000000009fc98                PROVIDE (_alt_partition_SRAM_CVGX_end, ABSOLUTE (.))
                0x000000000009fc98                _end = ABSOLUTE (.)
                0x000000000009fc98                end = ABSOLUTE (.)
                0x000000000009fc98                __alt_stack_base = ABSOLUTE (.)
                0x000000000009fc98                PROVIDE (_alt_partition_SRAM_CVGX_load_addr, LOADADDR (.SRAM_CVGX))

.stab
 *(.stab)

.stabstr
 *(.stabstr)

.stab.excl
 *(.stab.excl)

.stab.exclstr
 *(.stab.exclstr)

.stab.index
 *(.stab.index)

.stab.indexstr
 *(.stab.indexstr)

.comment        0x0000000000000000       0x23
 *(.comment)
 .comment       0x0000000000000000       0x23 obj/default/main.o
                                         0x24 (size before relaxing)
 .comment       0x0000000000000000       0x24 obj/default/switchesIRQhandler.o
 .comment       0x0000000000000000       0x24 c:/altera/14.0/nios2eds/bin/gnu/h-x86_64-mingw32/bin/../lib/gcc/nios2-elf/4.7.3/../../../../../H-x86_64-mingw32/nios2-elf/lib/mno-hw-mul\libc.a(lib_a-printf.o)
 .comment       0x0000000000000000       0x24 c:/altera/14.0/nios2eds/bin/gnu/h-x86_64-mingw32/bin/../lib/gcc/nios2-elf/4.7.3/../../../../../H-x86_64-mingw32/nios2-elf/lib/mno-hw-mul\libc.a(lib_a-puts.o)
 .comment       0x0000000000000000       0x24 c:/altera/14.0/nios2eds/bin/gnu/h-x86_64-mingw32/bin/../lib/gcc/nios2-elf/4.7.3/../../../../../H-x86_64-mingw32/nios2-elf/lib/mno-hw-mul\libc.a(lib_a-strlen.o)
 .comment       0x0000000000000000       0x24 c:/altera/14.0/nios2eds/bin/gnu/h-x86_64-mingw32/bin/../lib/gcc/nios2-elf/4.7.3/../../../../../H-x86_64-mingw32/nios2-elf/lib/mno-hw-mul\libc.a(lib_a-vfprintf.o)